../Core/Src/display.c:656:6:SendCommand	16	static
../Core/Src/display.c:665:6:SendParameter	16	static
../Core/Src/display.c:672:6:DisplayBegin	8	static
../Core/Src/display.c:786:6:SetAddressWindow	24	static
../Core/Src/display.c:801:6:WriteColor	16	static
../Core/Src/display.c:806:6:DrawPixel	16	static
../Core/Src/display.c:818:6:DrawHLine	56	dynamic
../Core/Src/display.c:834:6:DrawVLine	56	dynamic
../Core/Src/display.c:849:6:FillScreen	24	static
../Core/Src/display.c:856:6:FillRect	32	static
../Core/Src/display.c:865:6:DrawChar	40	static
../Core/Src/display.c:894:6:DrawText	40	static
../Core/Src/display.c:902:6:ScanText	16	static
../Core/Src/display.c:910:6:HeartTempText	80	static
../Core/Src/display.c:923:6:TimeCornerText	24	static
../Core/Src/display.c:928:6:TempText	16	static
../Core/Src/display.c:934:6:RemoveText	16	static
../Core/Src/display.c:939:6:PillsText	80	static
../Core/Src/display.c:950:6:RefillText	80	static
../Core/Src/display.c:963:6:DoneText	80	static
../Core/Src/display.c:976:6:IdleTimeText	24	static
../Core/Src/display.c:981:6:MeasuringText	16	static
../Core/Src/display.c:986:6:IdleText	152	static
../Core/Src/display.c:1006:6:ResultText	160	static
../Core/Src/display.c:1043:6:HeartErrorText	16	static
../Core/Src/display.c:1047:6:TempErrorText	16	static
../Core/Src/display.c:1052:6:DrawBitmap	32	static
../Core/Src/display.c:1069:6:DrawChanseyCorner	16	static
../Core/Src/display.c:1074:6:FillScreenExceptCorner	24	static
