Archive member included to satisfy reference by file (symbol)

C:/ST/STM32CubeIDE_1.16.1/STM32CubeIDE/plugins/com.st.stm32cube.ide.mcu.externaltools.gnu-tools-for-stm32.13.3.rel1.win32_1.0.0.202411081344/tools/bin/../lib/gcc/arm-none-eabi/13.3.1/../../../../arm-none-eabi/lib/thumb/v7e-m+fp/hard\libc_nano.a(libc_a-exit.o)
                              C:/ST/STM32CubeIDE_1.16.1/STM32CubeIDE/plugins/com.st.stm32cube.ide.mcu.externaltools.gnu-tools-for-stm32.13.3.rel1.win32_1.0.0.202411081344/tools/bin/../lib/gcc/arm-none-eabi/13.3.1/../../../../arm-none-eabi/lib/thumb/v7e-m+fp/hard/crt0.o (exit)
C:/ST/STM32CubeIDE_1.16.1/STM32CubeIDE/plugins/com.st.stm32cube.ide.mcu.externaltools.gnu-tools-for-stm32.13.3.rel1.win32_1.0.0.202411081344/tools/bin/../lib/gcc/arm-none-eabi/13.3.1/../../../../arm-none-eabi/lib/thumb/v7e-m+fp/hard\libc_nano.a(libc_a-nano-vfprintf_float.o)
                              (_printf_float)
C:/ST/STM32CubeIDE_1.16.1/STM32CubeIDE/plugins/com.st.stm32cube.ide.mcu.externaltools.gnu-tools-for-stm32.13.3.rel1.win32_1.0.0.202411081344/tools/bin/../lib/gcc/arm-none-eabi/13.3.1/../../../../arm-none-eabi/lib/thumb/v7e-m+fp/hard\libc_nano.a(libc_a-nano-vfprintf_i.o)
                              C:/ST/STM32CubeIDE_1.16.1/STM32CubeIDE/plugins/com.st.stm32cube.ide.mcu.externaltools.gnu-tools-for-stm32.13.3.rel1.win32_1.0.0.202411081344/tools/bin/../lib/gcc/arm-none-eabi/13.3.1/../../../../arm-none-eabi/lib/thumb/v7e-m+fp/hard\libc_nano.a(libc_a-nano-vfprintf_float.o) (_printf_common)
C:/ST/STM32CubeIDE_1.16.1/STM32CubeIDE/plugins/com.st.stm32cube.ide.mcu.externaltools.gnu-tools-for-stm32.13.3.rel1.win32_1.0.0.202411081344/tools/bin/../lib/gcc/arm-none-eabi/13.3.1/../../../../arm-none-eabi/lib/thumb/v7e-m+fp/hard\libc_nano.a(libc_a-findfp.o)
                              C:/ST/STM32CubeIDE_1.16.1/STM32CubeIDE/plugins/com.st.stm32cube.ide.mcu.externaltools.gnu-tools-for-stm32.13.3.rel1.win32_1.0.0.202411081344/tools/bin/../lib/gcc/arm-none-eabi/13.3.1/../../../../arm-none-eabi/lib/thumb/v7e-m+fp/hard\libc_nano.a(libc_a-exit.o) (__stdio_exit_handler)
C:/ST/STM32CubeIDE_1.16.1/STM32CubeIDE/plugins/com.st.stm32cube.ide.mcu.externaltools.gnu-tools-for-stm32.13.3.rel1.win32_1.0.0.202411081344/tools/bin/../lib/gcc/arm-none-eabi/13.3.1/../../../../arm-none-eabi/lib/thumb/v7e-m+fp/hard\libc_nano.a(libc_a-fwalk.o)
                              C:/ST/STM32CubeIDE_1.16.1/STM32CubeIDE/plugins/com.st.stm32cube.ide.mcu.externaltools.gnu-tools-for-stm32.13.3.rel1.win32_1.0.0.202411081344/tools/bin/../lib/gcc/arm-none-eabi/13.3.1/../../../../arm-none-eabi/lib/thumb/v7e-m+fp/hard\libc_nano.a(libc_a-findfp.o) (_fwalk_sglue)
C:/ST/STM32CubeIDE_1.16.1/STM32CubeIDE/plugins/com.st.stm32cube.ide.mcu.externaltools.gnu-tools-for-stm32.13.3.rel1.win32_1.0.0.202411081344/tools/bin/../lib/gcc/arm-none-eabi/13.3.1/../../../../arm-none-eabi/lib/thumb/v7e-m+fp/hard\libc_nano.a(libc_a-printf.o)
                              ./Core/Src/display.o (printf)
C:/ST/STM32CubeIDE_1.16.1/STM32CubeIDE/plugins/com.st.stm32cube.ide.mcu.externaltools.gnu-tools-for-stm32.13.3.rel1.win32_1.0.0.202411081344/tools/bin/../lib/gcc/arm-none-eabi/13.3.1/../../../../arm-none-eabi/lib/thumb/v7e-m+fp/hard\libc_nano.a(libc_a-putchar.o)
                              ./Core/Src/heart_rate_reader.o (putchar)
C:/ST/STM32CubeIDE_1.16.1/STM32CubeIDE/plugins/com.st.stm32cube.ide.mcu.externaltools.gnu-tools-for-stm32.13.3.rel1.win32_1.0.0.202411081344/tools/bin/../lib/gcc/arm-none-eabi/13.3.1/../../../../arm-none-eabi/lib/thumb/v7e-m+fp/hard\libc_nano.a(libc_a-puts.o)
                              ./Core/Src/heart_rate_reader.o (puts)
C:/ST/STM32CubeIDE_1.16.1/STM32CubeIDE/plugins/com.st.stm32cube.ide.mcu.externaltools.gnu-tools-for-stm32.13.3.rel1.win32_1.0.0.202411081344/tools/bin/../lib/gcc/arm-none-eabi/13.3.1/../../../../arm-none-eabi/lib/thumb/v7e-m+fp/hard\libc_nano.a(libc_a-sprintf.o)
                              ./Core/Src/display.o (sprintf)
C:/ST/STM32CubeIDE_1.16.1/STM32CubeIDE/plugins/com.st.stm32cube.ide.mcu.externaltools.gnu-tools-for-stm32.13.3.rel1.win32_1.0.0.202411081344/tools/bin/../lib/gcc/arm-none-eabi/13.3.1/../../../../arm-none-eabi/lib/thumb/v7e-m+fp/hard\libc_nano.a(libc_a-stdio.o)
                              C:/ST/STM32CubeIDE_1.16.1/STM32CubeIDE/plugins/com.st.stm32cube.ide.mcu.externaltools.gnu-tools-for-stm32.13.3.rel1.win32_1.0.0.202411081344/tools/bin/../lib/gcc/arm-none-eabi/13.3.1/../../../../arm-none-eabi/lib/thumb/v7e-m+fp/hard\libc_nano.a(libc_a-findfp.o) (__sread)
C:/ST/STM32CubeIDE_1.16.1/STM32CubeIDE/plugins/com.st.stm32cube.ide.mcu.externaltools.gnu-tools-for-stm32.13.3.rel1.win32_1.0.0.202411081344/tools/bin/../lib/gcc/arm-none-eabi/13.3.1/../../../../arm-none-eabi/lib/thumb/v7e-m+fp/hard\libc_nano.a(libc_a-wbuf.o)
[...]
Memory Configuration

Name             Origin             Length             Attributes
RAM              0x20000000         0x00030000         xrw
RAM2             0x10000000         0x00010000         xrw
RAM3             0x20040000         0x00060000         xrw
FLASH            0x08000000         0x00200000         xr
*default*        0x00000000         0xffffffff

Linker script and memory map

LOAD C:/ST/STM32CubeIDE_1.16.1/STM32CubeIDE/plugins/com.st.stm32cube.ide.mcu.externaltools.gnu-tools-for-stm32.13.3.rel1.win32_1.0.0.202411081344/tools/bin/../lib/gcc/arm-none-eabi/13.3.1/thumb/v7e-m+fp/hard/crti.o
LOAD C:/ST/STM32CubeIDE_1.16.1/STM32CubeIDE/plugins/com.st.stm32cube.ide.mcu.externaltools.gnu-tools-for-stm32.13.3.rel1.win32_1.0.0.202411081344/tools/bin/../lib/gcc/arm-none-eabi/13.3.1/thumb/v7e-m+fp/hard/crtbegin.o
LOAD C:/ST/STM32CubeIDE_1.16.1/STM32CubeIDE/plugins/com.st.stm32cube.ide.mcu.externaltools.gnu-tools-for-stm32.13.3.rel1.win32_1.0.0.202411081344/tools/bin/../lib/gcc/arm-none-eabi/13.3.1/../../../../arm-none-eabi/lib/thumb/v7e-m+fp/hard/crt0.o
LOAD ./Core/Src/bodytemp.o
LOAD ./Core/Src/communicate.o
LOAD ./Core/Src/display.o
LOAD ./Core/Src/distance.o
LOAD ./Core/Src/heartRate.o
LOAD ./Core/Src/heart_rate_reader.o
LOAD ./Core/Src/main.o
LOAD ./Core/Src/max30105.o
LOAD ./Core/Src/motors.o
LOAD ./Core/Src/rfid.o
LOAD ./Core/Src/stm32l4xx_hal_msp.o
LOAD ./Core/Src/stm32l4xx_it.o
LOAD ./Core/Src/syscalls.o
LOAD ./Core/Src/sysmem.o
LOAD ./Core/Src/system_stm32l4xx.o
LOAD ./Core/Src/temp_humid.o
LOAD ./Core/Startup/startup_stm32l4r5zitxp.o
LOAD ./Drivers/STM32L4xx_HAL_Driver/Src/stm32l4xx_hal.o
LOAD ./Drivers/STM32L4xx_HAL_Driver/Src/stm32l4xx_hal_cortex.o
LOAD ./Drivers/STM32L4xx_HAL_Driver/Src/stm32l4xx_hal_dma.o
LOAD ./Drivers/STM32L4xx_HAL_Driver/Src/stm32l4xx_hal_dma_ex.o
LOAD ./Drivers/STM32L4xx_HAL_Driver/Src/stm32l4xx_hal_exti.o
LOAD ./Drivers/STM32L4xx_HAL_Driver/Src/stm32l4xx_hal_flash.o
LOAD ./Drivers/STM32L4xx_HAL_Driver/Src/stm32l4xx_hal_flash_ex.o
LOAD ./Drivers/STM32L4xx_HAL_Driver/Src/stm32l4xx_hal_flash_ramfunc.o
LOAD ./Drivers/STM32L4xx_HAL_Driver/Src/stm32l4xx_hal_gpio.o
LOAD ./Drivers/STM32L4xx_HAL_Driver/Src/stm32l4xx_hal_i2c.o
LOAD ./Drivers/STM32L4xx_HAL_Driver/Src/stm32l4xx_hal_i2c_ex.o
LOAD ./Drivers/STM32L4xx_HAL_Driver/Src/stm32l4xx_hal_pwr.o
LOAD ./Drivers/STM32L4xx_HAL_Driver/Src/stm32l4xx_hal_pwr_ex.o
LOAD ./Drivers/STM32L4xx_HAL_Driver/Src/stm32l4xx_hal_rcc.o
LOAD ./Drivers/STM32L4xx_HAL_Driver/Src/stm32l4xx_hal_rcc_ex.o
LOAD ./Drivers/STM32L4xx_HAL_Driver/Src/stm32l4xx_hal_spi.o
LOAD ./Drivers/STM32L4xx_HAL_Driver/Src/stm32l4xx_hal_spi_ex.o
LOAD ./Drivers/STM32L4xx_HAL_Driver/Src/stm32l4xx_hal_tim.o
LOAD ./Drivers/STM32L4xx_HAL_Driver/Src/stm32l4xx_hal_tim_ex.o
LOAD ./Drivers/STM32L4xx_HAL_Driver/Src/stm32l4xx_hal_uart.o
LOAD ./Drivers/STM32L4xx_HAL_Driver/Src/stm32l4xx_hal_uart_ex.o
LOAD ./Drivers/VL53L0X/core/src/vl53l0x_api.o
LOAD ./Drivers/VL53L0X/core/src/vl53l0x_api_calibration.o
LOAD ./Drivers/VL53L0X/core/src/vl53l0x_api_core.o
LOAD ./Drivers/VL53L0X/core/src/vl53l0x_api_ranging.o
LOAD ./Drivers/VL53L0X/core/src/vl53l0x_api_strings.o
LOAD ./Drivers/VL53L0X/platform/src/vl53l0x_platform.o
LOAD ./Drivers/VL53L0X/platform/src/vl53l0x_platform_log.o
START GROUP
LOAD C:/ST/STM32CubeIDE_1.16.1/STM32CubeIDE/plugins/com.st.stm32cube.ide.mcu.externaltools.gnu-tools-for-stm32.13.3.rel1.win32_1.0.0.202411081344/tools/bin/../lib/gcc/arm-none-eabi/13.3.1/../../../../arm-none-eabi/lib/thumb/v7e-m+fp/hard\libc_nano.a
LOAD C:/ST/STM32CubeIDE_1.16.1/STM32CubeIDE/plugins/com.st.stm32cube.ide.mcu.externaltools.gnu-tools-for-stm32.13.3.rel1.win32_1.0.0.202411081344/tools/bin/../lib/gcc/arm-none-eabi/13.3.1/../../../../arm-none-eabi/lib/thumb/v7e-m+fp/hard\libm.a
END GROUP
START GROUP
LOAD C:/ST/STM32CubeIDE_1.16.1/STM32CubeIDE/plugins/com.st.stm32cube.ide.mcu.externaltools.gnu-tools-for-stm32.13.3.rel1.win32_1.0.0.202411081344/tools/bin/../lib/gcc/arm-none-eabi/13.3.1/thumb/v7e-m+fp/hard\libgcc.a
LOAD C:/ST/STM32CubeIDE_1.16.1/STM32CubeIDE/plugins/com.st.stm32cube.ide.mcu.externaltools.gnu-tools-for-stm32.13.3.rel1.win32_1.0.0.202411081344/tools/bin/../lib/gcc/arm-none-eabi/13.3.1/../../../../arm-none-eabi/lib/thumb/v7e-m+fp/hard\libc_nano.a
END GROUP
START GROUP
LOAD C:/ST/STM32CubeIDE_1.16.1/STM32CubeIDE/plugins/com.st.stm32cube.ide.mcu.externaltools.gnu-tools-for-stm32.13.3.rel1.win32_1.0.0.202411081344/tools/bin/../lib/gcc/arm-none-eabi/13.3.1/thumb/v7e-m+fp/hard\libgcc.a
LOAD C:/ST/STM32CubeIDE_1.16.1/STM32CubeIDE/plugins/com.st.stm32cube.ide.mcu.externaltools.gnu-tools-for-stm32.13.3.rel1.win32_1.0.0.202411081344/tools/bin/../lib/gcc/arm-none-eabi/13.3.1/../../../../arm-none-eabi/lib/thumb/v7e-m+fp/hard\libc_nano.a
LOAD C:/ST/STM32CubeIDE_1.16.1/STM32CubeIDE/plugins/com.st.stm32cube.ide.mcu.externaltools.gnu-tools-for-stm32.13.3.rel1.win32_1.0.0.202411081344/tools/bin/../lib/gcc/arm-none-eabi/13.3.1/../../../../arm-none-eabi/lib/thumb/v7e-m+fp/hard\libnosys.a
END GROUP
START GROUP
LOAD C:/ST/STM32CubeIDE_1.16.1/STM32CubeIDE/plugins/com.st.stm32cube.ide.mcu.externaltools.gnu-tools-for-stm32.13.3.rel1.win32_1.0.0.202411081344/tools/bin/../lib/gcc/arm-none-eabi/13.3.1/thumb/v7e-m+fp/hard\libgcc.a
LOAD C:/ST/STM32CubeIDE_1.16.1/STM32CubeIDE/plugins/com.st.stm32cube.ide.mcu.externaltools.gnu-tools-for-stm32.13.3.rel1.win32_1.0.0.202411081344/tools/bin/../lib/gcc/arm-none-eabi/13.3.1/../../../../arm-none-eabi/lib/thumb/v7e-m+fp/hard\libc_nano.a
LOAD C:/ST/STM32CubeIDE_1.16.1/STM32CubeIDE/plugins/com.st.stm32cube.ide.mcu.externaltools.gnu-tools-for-stm32.13.3.rel1.win32_1.0.0.202411081344/tools/bin/../lib/gcc/arm-none-eabi/13.3.1/../../../../arm-none-eabi/lib/thumb/v7e-m+fp/hard\libnosys.a
END GROUP
LOAD C:/ST/STM32CubeIDE_1.16.1/STM32CubeIDE/plugins/com.st.stm32cube.ide.mcu.externaltools.gnu-tools-for-stm32.13.3.rel1.win32_1.0.0.202411081344/tools/bin/../lib/gcc/arm-none-eabi/13.3.1/thumb/v7e-m+fp/hard/crtend.o
LOAD C:/ST/STM32CubeIDE_1.16.1/STM32CubeIDE/plugins/com.st.stm32cube.ide.mcu.externaltools.gnu-tools-for-stm32.13.3.rel1.win32_1.0.0.202411081344/tools/bin/../lib/gcc/arm-none-eabi/13.3.1/thumb/v7e-m+fp/hard/crtn.o
                0x200a0000                        _estack = (ORIGIN (RAM3) + LENGTH (RAM3))
                0x00000200                        _Min_Heap_Size = 0x200
                0x00000400                        _Min_Stack_Size = 0x400

.isr_vector     0x08000000      0x1bc
                0x08000000                        . = ALIGN (0x4)
 *(.isr_vector)
 .isr_vector    0x08000000      0x1bc ./Core/Startup/startup_stm32l4r5zitxp.o
                0x08000000                g_pfnVectors
                0x080001bc                        . = ALIGN (0x4)

.text           0x080001c0    0x12310
                0x080001c0                        . = ALIGN (0x4)
 *(.text)
 .text          0x080001c0       0x40 C:/ST/STM32CubeIDE_1.16.1/STM32CubeIDE/plugins/com.st.stm32cube.ide.mcu.externaltools.gnu-tools-for-stm32.13.3.rel1.win32_1.0.0.202411081344/tools/bin/../lib/gcc/arm-none-eabi/13.3.1/thumb/v7e-m+fp/hard/crtbegin.o
 .text          0x08000200       0xa0 C:/ST/STM32CubeIDE_1.16.1/STM32CubeIDE/plugins/com.st.stm32cube.ide.mcu.externaltools.gnu-tools-for-stm32.13.3.rel1.win32_1.0.0.202411081344/tools/bin/../lib/gcc/arm-none-eabi/13.3.1/../../../../arm-none-eabi/lib/thumb/v7e-m+fp/hard\libc_nano.a(libc_a-memchr.o)
                0x08000200                memchr
 .text          0x080002a0       0x10 C:/ST/STM32CubeIDE_1.16.1/STM32CubeIDE/plugins/com.st.stm32cube.ide.mcu.externaltools.gnu-tools-for-stm32.13.3.rel1.win32_1.0.0.202411081344/tools/bin/../lib/gcc/arm-none-eabi/13.3.1/../../../../arm-none-eabi/lib/thumb/v7e-m+fp/hard\libc_nano.a(libc_a-strlen.o)
                0x080002a0                strlen
 .text          0x080002b0      0x378 C:/ST/STM32CubeIDE_1.16.1/STM32CubeIDE/plugins/com.st.stm32cube.ide.mcu.externaltools.gnu-tools-for-stm32.13.3.rel1.win32_1.0.0.202411081344/tools/bin/../lib/gcc/arm-none-eabi/13.3.1/thumb/v7e-m+fp/hard\libgcc.a(_arm_addsubdf3.o)
                0x080002b0                __aeabi_drsub
                0x080002b8                __aeabi_dsub
                0x080002b8                __subdf3
                0x080002bc                __aeabi_dadd
                0x080002bc                __adddf3
                0x08000534                __floatunsidf
                0x08000534                __aeabi_ui2d
                0x08000554                __floatsidf
                0x08000554                __aeabi_i2d
                0x08000578                __aeabi_f2d
                0x08000578                __extendsfdf2
                0x080005bc                __floatundidf
                0x080005bc                __aeabi_ul2d
                0x080005cc                __floatdidf
                0x080005cc                __aeabi_l2d
 .text          0x08000628      0x424 C:/ST/STM32CubeIDE_1.16.1/STM32CubeIDE/plugins/com.st.stm32cube.ide.mcu.externaltools.gnu-tools-for-stm32.13.3.rel1.win32_1.0.0.202411081344/tools/bin/../lib/gcc/arm-none-eabi/13.3.1/thumb/v7e-m+fp/hard\libgcc.a(_arm_muldivdf3.o)
                0x08000628                __aeabi_dmul
                0x08000628                __muldf3
                0x0800087c                __divdf3
                0x0800087c                __aeabi_ddiv
 .text          0x08000a4c      0x110 C:/ST/STM32CubeIDE_1.16.1/STM32CubeIDE/plugins/com.st.stm32cube.ide.mcu.externaltools.gnu-tools-for-stm32.13.3.rel1.win32_1.0.0.202411081344/tools/bin/../lib/gcc/arm-none-eabi/13.3.1/thumb/v7e-m+fp/hard\libgcc.a(_arm_cmpdf2.o)
                0x08000a4c                __gtdf2
                0x08000a4c                __gedf2
                0x08000a54                __ltdf2
                0x08000a54                __ledf2
                0x08000a5c                __nedf2
                0x08000a5c                __eqdf2
                0x08000a5c                __cmpdf2
                0x08000ad8                __aeabi_cdrcmple
                0x08000ae8                __aeabi_cdcmpeq
                0x08000ae8                __aeabi_cdcmple
                0x08000af8                __aeabi_dcmpeq
                0x08000b0c                __aeabi_dcmplt
                0x08000b20                __aeabi_dcmple
                0x08000b34                __aeabi_dcmpge
                0x08000b48                __aeabi_dcmpgt
 .text          0x08000b5c       0x2c C:/ST/STM32CubeIDE_1.16.1/STM32CubeIDE/plugins/com.st.stm32cube.ide.mcu.externaltools.gnu-tools-for-stm32.13.3.rel1.win32_1.0.0.202411081344/tools/bin/../lib/gcc/arm-none-eabi/13.3.1/thumb/v7e-m+fp/hard\libgcc.a(_arm_unorddf2.o)
                0x08000b5c                __unorddf2
                0x08000b5c                __aeabi_dcmpun
 .text          0x08000b88       0x50 C:/ST/STM32CubeIDE_1.16.1/STM32CubeIDE/plugins/com.st.stm32cube.ide.mcu.externaltools.gnu-tools-for-stm32.13.3.rel1.win32_1.0.0.202411081344/tools/bin/../lib/gcc/arm-none-eabi/13.3.1/thumb/v7e-m+fp/hard\libgcc.a(_arm_fixdfsi.o)
                0x08000b88                __aeabi_d2iz
                0x08000b88                __fixdfsi
 .text          0x08000bd8       0xa0 C:/ST/STM32CubeIDE_1.16.1/STM32CubeIDE/plugins/com.st.stm32cube.ide.mcu.externaltools.gnu-tools-for-stm32.13.3.rel1.win32_1.0.0.202411081344/tools/bin/../lib/gcc/arm-none-eabi/13.3.1/thumb/v7e-m+fp/hard\libgcc.a(_arm_truncdfsf2.o)
                0x08000bd8                __truncdfsf2
                0x08000bd8                __aeabi_d2f
 .text          0x08000c78       0x30 C:/ST/STM32CubeIDE_1.16.1/STM32CubeIDE/plugins/com.st.stm32cube.ide.mcu.externaltools.gnu-tools-for-stm32.13.3.rel1.win32_1.0.0.202411081344/tools/bin/../lib/gcc/arm-none-eabi/13.3.1/thumb/v7e-m+fp/hard\libgcc.a(_aeabi_uldivmod.o)
                0x08000c78                __aeabi_uldivmod
 .text          0x08000ca8      0x2f8 C:/ST/STM32CubeIDE_1.16.1/STM32CubeIDE/plugins/com.st.stm32cube.ide.mcu.externaltools.gnu-tools-for-stm32.13.3.rel1.win32_1.0.0.202411081344/tools/bin/../lib/gcc/arm-none-eabi/13.3.1/thumb/v7e-m+fp/hard\libgcc.a(_udivmoddi4.o)
                0x08000ca8                __udivmoddi4
 .text          0x08000fa0        0x4 C:/ST/STM32CubeIDE_1.16.1/STM32CubeIDE/plugins/com.st.stm32cube.ide.mcu.externaltools.gnu-tools-for-stm32.13.3.rel1.win32_1.0.0.202411081344/tools/bin/../lib/gcc/arm-none-eabi/13.3.1/thumb/v7e-m+fp/hard\libgcc.a(_dvmd_tls.o)
                0x08000fa0                __aeabi_idiv0
                0x08000fa0                __aeabi_ldiv0
 *(.text*)
 *fill*         0x08000fa4        0x4 
 .text.getBodyTemp
                0x08000fa8      0x104 ./Core/Src/bodytemp.o
                0x08000fa8                getBodyTemp
 .text.temp_ready
                0x080010ac       0x28 ./Core/Src/bodytemp.o
                0x080010ac                temp_ready
 .text.sendToApp
                0x080010d4       0x30 ./Core/Src/communicate.o
                0x080010d4                sendToApp
 .text.SendCommand
                0x08001104       0x5c ./Core/Src/display.o
                0x08001104                SendCommand
 .text.SendParameter
                0x08001160       0x48 ./Core/Src/display.o
                0x08001160                SendParameter
 .text.DisplayBegin
                0x080011a8      0x232 ./Core/Src/display.o
                0x080011a8                DisplayBegin
 .text.SetAddressWindow
                0x080013da       0x92 ./Core/Src/display.o
                0x080013da                SetAddressWindow
 .text.WriteColor
                0x0800146c       0x2a ./Core/Src/display.o
                0x0800146c                WriteColor
 .text.DrawPixel
                0x08001496       0x3c ./Core/Src/display.o
                0x08001496                DrawPixel
 *fill*         0x080014d2        0x2 
 .text.DrawHLine
                0x080014d4      0x104 ./Core/Src/display.o
                0x080014d4                DrawHLine
 .text.DrawVLine
                0x080015d8      0x104 ./Core/Src/display.o
                0x080015d8                DrawVLine
 .text.FillScreen
                0x080016dc       0x38 ./Core/Src/display.o
                0x080016dc                FillScreen
 .text.FillRect
                0x08001714       0x84 ./Core/Src/display.o
                0x08001714                FillRect
 .text.DrawChar
                0x08001798      0x1dc ./Core/Src/display.o
                0x08001798                DrawChar
 .text.DrawText
                0x08001974       0x66 ./Core/Src/display.o
                0x08001974                DrawText
 *fill*         0x080019da        0x2 
 .text.ScanText
                0x080019dc       0x44 ./Core/Src/display.o
                0x080019dc                ScanText
 .text.HeartTempText
                0x08001a20       0xe8 ./Core/Src/display.o
                0x08001a20                HeartTempText
 .text.TimeCornerText
                0x08001b08       0x2a ./Core/Src/display.o
                0x08001b08                TimeCornerText
 *fill*         0x08001b32        0x2 
 .text.TempText
                0x08001b34       0x60 ./Core/Src/display.o
                0x08001b34                TempText
 .text.PillsText
                0x08001b94       0x94 ./Core/Src/display.o
                0x08001b94                PillsText
 .text.RefillText
                0x08001c28       0x94 ./Core/Src/display.o
                0x08001c28                RefillText
 .text.DoneText
                0x08001cbc       0x8c ./Core/Src/display.o
                0x08001cbc                DoneText
 .text.MeasuringText
                0x08001d48       0x28 ./Core/Src/display.o
                0x08001d48                MeasuringText
 .text.IdleText
                0x08001d70      0x100 ./Core/Src/display.o
                0x08001d70                IdleText
 .text.ResultText
                0x08001e70      0x144 ./Core/Src/display.o
                0x08001e70                ResultText
 .text.HeartErrorText
                0x08001fb4       0x28 ./Core/Src/display.o
                0x08001fb4                HeartErrorText
 .text.TempErrorText
                0x08001fdc       0x28 ./Core/Src/display.o
                0x08001fdc                TempErrorText
 .text.DrawBitmap
                0x08002004       0xe6 ./Core/Src/display.o
                0x08002004                DrawBitmap
 *fill*         0x080020ea        0x2 
 .text.DrawChanseyCorner
                0x080020ec       0x28 ./Core/Src/display.o
                0x080020ec                DrawChanseyCorner
 .text.FillScreenExceptCorner
                0x08002114       0x38 ./Core/Src/display.o
                0x08002114                FillScreenExceptCorner
 .text.SensorInit
                0x0800214c       0x60 ./Core/Src/distance.o
                0x0800214c                SensorInit
 .text.checkForBeat
                0x080021ac      0x134 ./Core/Src/heartRate.o
                0x080021ac                checkForBeat
 .text.averageDCEstimator
                0x080022e0       0x36 ./Core/Src/heartRate.o
                0x080022e0                averageDCEstimator
 *fill*         0x08002316        0x2 
 .text.lowPassFIRFilter
                0x08002318       0xdc ./Core/Src/heartRate.o
                0x08002318                lowPassFIRFilter
 .text.mul16    0x080023f4       0x28 ./Core/Src/heartRate.o
                0x080023f4                mul16
 .text.heart_rate_init
                0x0800241c       0x74 ./Core/Src/heart_rate_reader.o
                0x0800241c                heart_rate_init
 .text.heart_rate_task
                0x08002490      0x11c ./Core/Src/heart_rate_reader.o
                0x08002490                heart_rate_task
 .text.final_hr_result
                0x080025ac      0x234 ./Core/Src/heart_rate_reader.o
                0x080025ac                final_hr_result
 .text.main     0x080027e0      0x83c ./Core/Src/main.o
                0x080027e0                main
 .text.SystemClock_Config
                0x0800301c       0x8c ./Core/Src/main.o
                0x0800301c                SystemClock_Config
 .text.MX_I2C1_Init
                0x080030a8       0x80 ./Core/Src/main.o
 .text.MX_LPUART1_UART_Init
                0x08003128       0x98 ./Core/Src/main.o
 .text.MX_USART1_UART_Init
                0x080031c0       0x98 ./Core/Src/main.o
 .text.MX_SPI1_Init
                0x08003258       0x7c ./Core/Src/main.o
 .text.MX_SPI3_Init
                0x080032d4       0x7c ./Core/Src/main.o
 .text.MX_TIM4_Init
                0x08003350       0xa0 ./Core/Src/main.o
 .text.MX_GPIO_Init
                0x080033f0      0x488 ./Core/Src/main.o
 .text.__io_putchar
                0x08003878       0x24 ./Core/Src/main.o
                0x08003878                __io_putchar
 .text.Error_Handler
                0x0800389c        0xc ./Core/Src/main.o
                0x0800389c                Error_Handler
 .text.max30105_init
                0x080038a8       0x66 ./Core/Src/max30105.o
                0x080038a8                max30105_init
 .text.max30105_softReset
                0x0800390e       0x52 ./Core/Src/max30105.o
                0x0800390e                max30105_softReset
 .text.max30105_setLEDMode
                0x08003960       0x20 ./Core/Src/max30105.o
                0x08003960                max30105_setLEDMode
 .text.max30105_setADCRange
                0x08003980       0x20 ./Core/Src/max30105.o
                0x08003980                max30105_setADCRange
 .text.max30105_setSampleRate
                0x080039a0       0x20 ./Core/Src/max30105.o
                0x080039a0                max30105_setSampleRate
 .text.max30105_setPulseWidth
                0x080039c0       0x20 ./Core/Src/max30105.o
                0x080039c0                max30105_setPulseWidth
 .text.max30105_setPulseAmplitudeRed
                0x080039e0       0x20 ./Core/Src/max30105.o
                0x080039e0                max30105_setPulseAmplitudeRed
 .text.max30105_setPulseAmplitudeIR
                0x08003a00       0x20 ./Core/Src/max30105.o
                0x08003a00                max30105_setPulseAmplitudeIR
 .text.max30105_setPulseAmplitudeGreen
                0x08003a20       0x20 ./Core/Src/max30105.o
                0x08003a20                max30105_setPulseAmplitudeGreen
 .text.max30105_setPulseAmplitudeProximity
                0x08003a40       0x20 ./Core/Src/max30105.o
                0x08003a40                max30105_setPulseAmplitudeProximity
 .text.max30105_enableSlot
                0x08003a60       0x7c ./Core/Src/max30105.o
                0x08003a60                max30105_enableSlot
 .text.max30105_setFIFOAverage
                0x08003adc       0x20 ./Core/Src/max30105.o
                0x08003adc                max30105_setFIFOAverage
 .text.max30105_clearFIFO
                0x08003afc       0x2e ./Core/Src/max30105.o
                0x08003afc                max30105_clearFIFO
 .text.max30105_enableFIFORollover
                0x08003b2a       0x1c ./Core/Src/max30105.o
                0x08003b2a                max30105_enableFIFORollover
 .text.max30105_getWritePointer
                0x08003b46       0x1a ./Core/Src/max30105.o
                0x08003b46                max30105_getWritePointer
 .text.max30105_getReadPointer
                0x08003b60       0x1a ./Core/Src/max30105.o
                0x08003b60                max30105_getReadPointer
 .text.max30105_readPartID
                0x08003b7a       0x1a ./Core/Src/max30105.o
                0x08003b7a                max30105_readPartID
 .text.max30105_readRevisionID
                0x08003b94       0x20 ./Core/Src/max30105.o
                0x08003b94                max30105_readRevisionID
 .text.max30105_setup
                0x08003bb4      0x24e ./Core/Src/max30105.o
                0x08003bb4                max30105_setup
 .text.max30105_getIR
                0x08003e02       0x32 ./Core/Src/max30105.o
                0x08003e02                max30105_getIR
 .text.max30105_check
                0x08003e34      0x22e ./Core/Src/max30105.o
                0x08003e34                max30105_check
 .text.max30105_safeCheck
                0x08004062       0x46 ./Core/Src/max30105.o
                0x08004062                max30105_safeCheck
 .text.max30105_bitMask
                0x080040a8       0x4a ./Core/Src/max30105.o
                0x080040a8                max30105_bitMask
 .text.max30105_readRegister8
                0x080040f2       0x64 ./Core/Src/max30105.o
                0x080040f2                max30105_readRegister8
 .text.max30105_writeRegister8
                0x08004156       0x3e ./Core/Src/max30105.o
                0x08004156                max30105_writeRegister8
 .text.HAL_GPIO_EXTI_Callback
                0x08004194      0x2c4 ./Core/Src/motors.o
                0x08004194                HAL_GPIO_EXTI_Callback
 .text.runMotor
                0x08004458      0x46c ./Core/Src/motors.o
                0x08004458                runMotor
 .text.RC522_SPI_Transfer
                0x080048c4       0x2c ./Core/Src/rfid.o
                0x080048c4                RC522_SPI_Transfer
 .text.Write_MFRC522
                0x080048f0       0x4a ./Core/Src/rfid.o
                0x080048f0                Write_MFRC522
 .text.Read_MFRC522
                0x0800493a       0x52 ./Core/Src/rfid.o
                0x0800493a                Read_MFRC522
 .text.SetBitMask
                0x0800498c       0x36 ./Core/Src/rfid.o
                0x0800498c                SetBitMask
 .text.ClearBitMask
                0x080049c2       0x40 ./Core/Src/rfid.o
                0x080049c2                ClearBitMask
 .text.AntennaOn
                0x08004a02       0x16 ./Core/Src/rfid.o
                0x08004a02                AntennaOn
 .text.MFRC522_Reset
                0x08004a18       0x10 ./Core/Src/rfid.o
                0x08004a18                MFRC522_Reset
 .text.MFRC522_Init
                0x08004a28       0x5a ./Core/Src/rfid.o
                0x08004a28                MFRC522_Init
 .text.MFRC522_ToCard
                0x08004a82      0x192 ./Core/Src/rfid.o
                0x08004a82                MFRC522_ToCard
 .text.MFRC522_Request
                0x08004c14       0x4a ./Core/Src/rfid.o
                0x08004c14                MFRC522_Request
 .text.MFRC522_Anticoll
                0x08004c5e       0x7e ./Core/Src/rfid.o
                0x08004c5e                MFRC522_Anticoll
 .text.getSerNum
                0x08004cdc       0x2e ./Core/Src/rfid.o
                0x08004cdc                getSerNum
 *fill*         0x08004d0a        0x2 
 .text.returnTrainer
                0x08004d0c      0x330 ./Core/Src/rfid.o
                0x08004d0c                returnTrainer
 .text.HAL_MspInit
                0x0800503c       0x48 ./Core/Src/stm32l4xx_hal_msp.o
                0x0800503c                HAL_MspInit
 .text.HAL_I2C_MspInit
                0x08005084       0xbc ./Core/Src/stm32l4xx_hal_msp.o
                0x08005084                HAL_I2C_MspInit
 .text.HAL_UART_MspInit
                0x08005140      0x14c ./Core/Src/stm32l4xx_hal_msp.o
                0x08005140                HAL_UART_MspInit
 .text.HAL_SPI_MspInit
                0x0800528c       0xe8 ./Core/Src/stm32l4xx_hal_msp.o
                0x0800528c                HAL_SPI_MspInit
 .text.HAL_TIM_Base_MspInit
                0x08005374       0xd4 ./Core/Src/stm32l4xx_hal_msp.o
                0x08005374                HAL_TIM_Base_MspInit
 .text.NMI_Handler
                0x08005448        0x8 ./Core/Src/stm32l4xx_it.o
                0x08005448                NMI_Handler
 .text.HardFault_Handler
                0x08005450        0x8 ./Core/Src/stm32l4xx_it.o
                0x08005450                HardFault_Handler
 .text.MemManage_Handler
                0x08005458        0x8 ./Core/Src/stm32l4xx_it.o
                0x08005458                MemManage_Handler
 .text.BusFault_Handler
                0x08005460        0x8 ./Core/Src/stm32l4xx_it.o
                0x08005460                BusFault_Handler
 .text.UsageFault_Handler
                0x08005468        0x8 ./Core/Src/stm32l4xx_it.o
                0x08005468                UsageFault_Handler
 .text.SVC_Handler
                0x08005470        0xe ./Core/Src/stm32l4xx_it.o
                0x08005470                SVC_Handler
 .text.DebugMon_Handler
                0x0800547e        0xe ./Core/Src/stm32l4xx_it.o
                0x0800547e                DebugMon_Handler
 .text.PendSV_Handler
                0x0800548c        0xe ./Core/Src/stm32l4xx_it.o
                0x0800548c                PendSV_Handler
 .text.SysTick_Handler
                0x0800549a        0xc ./Core/Src/stm32l4xx_it.o
                0x0800549a                SysTick_Handler
 .text.EXTI9_5_IRQHandler
                0x080054a6       0x18 ./Core/Src/stm32l4xx_it.o
                0x080054a6                EXTI9_5_IRQHandler
 *fill*         0x080054be        0x2 
 .text.TIM4_IRQHandler
                0x080054c0       0x14 ./Core/Src/stm32l4xx_it.o
                0x080054c0                TIM4_IRQHandler
 .text.EXTI15_10_IRQHandler
                0x080054d4       0x18 ./Core/Src/stm32l4xx_it.o
                0x080054d4                EXTI15_10_IRQHandler
 .text.HAL_TIM_PeriodElapsedCallback
                0x080054ec       0x7c ./Core/Src/stm32l4xx_it.o
                0x080054ec                HAL_TIM_PeriodElapsedCallback
 .text._getpid  0x08005568       0x10 ./Core/Src/syscalls.o
                0x08005568                _getpid
 .text._kill    0x08005578       0x20 ./Core/Src/syscalls.o
                0x08005578                _kill
 .text._exit    0x08005598       0x16 ./Core/Src/syscalls.o
                0x08005598                _exit
 .text._read    0x080055ae       0x3a ./Core/Src/syscalls.o
                0x080055ae                _read
 .text._write   0x080055e8       0x38 ./Core/Src/syscalls.o
                0x080055e8                _write
 .text._close   0x08005620       0x18 ./Core/Src/syscalls.o
                0x08005620                _close
 .text._fstat   0x08005638       0x20 ./Core/Src/syscalls.o
                0x08005638                _fstat
 .text._isatty  0x08005658       0x16 ./Core/Src/syscalls.o
                0x08005658                _isatty
 .text._lseek   0x0800566e       0x1a ./Core/Src/syscalls.o
                0x0800566e                _lseek
 .text._sbrk    0x08005688       0x6c ./Core/Src/sysmem.o
                0x08005688                _sbrk
 .text.SystemInit
                0x080056f4       0x24 ./Core/Src/system_stm32l4xx.o
                0x080056f4                SystemInit
 .text.convert_data
                0x08005718       0x78 ./Core/Src/temp_humid.o
                0x08005718                convert_data
 .text.read_sensor_data
                0x08005790       0x98 ./Core/Src/temp_humid.o
                0x08005790                read_sensor_data
 .text.temp_humid
                0x08005828       0x4e ./Core/Src/temp_humid.o
                0x08005828                temp_humid
 *fill*         0x08005876        0x2 
 .text.Reset_Handler
                0x08005878       0x50 ./Core/Startup/startup_stm32l4r5zitxp.o
                0x08005878                Reset_Handler
 .text.Default_Handler
                0x080058c8        0x2 ./Core/Startup/startup_stm32l4r5zitxp.o
                0x080058c8                RTC_Alarm_IRQHandler
                0x080058c8                EXTI2_IRQHandler
                0x080058c8                TIM8_TRG_COM_IRQHandler
                0x080058c8                TIM8_CC_IRQHandler
                0x080058c8                TIM1_CC_IRQHandler
                0x080058c8                TSC_IRQHandler
                0x080058c8                TAMP_STAMP_IRQHandler
                0x080058c8                EXTI3_IRQHandler
                0x080058c8                LPTIM2_IRQHandler
                0x080058c8                DFSDM1_FLT1_IRQHandler
                0x080058c8                GFXMMU_IRQHandler
                0x080058c8                I2C3_ER_IRQHandler
                0x080058c8                DFSDM1_FLT2_IRQHandler
                0x080058c8                EXTI0_IRQHandler
                0x080058c8                I2C2_EV_IRQHandler
                0x080058c8                CAN1_RX0_IRQHandler
                0x080058c8                FPU_IRQHandler
                0x080058c8                TIM1_UP_TIM16_IRQHandler
                0x080058c8                LTDC_ER_IRQHandler
                0x080058c8                SPI1_IRQHandler
                0x080058c8                OCTOSPI1_IRQHandler
                0x080058c8                TIM6_DAC_IRQHandler
                0x080058c8                DCMI_IRQHandler
                0x080058c8                TIM8_UP_IRQHandler
                0x080058c8                OCTOSPI2_IRQHandler
                0x080058c8                DMA2_Channel2_IRQHandler
                0x080058c8                DMA1_Channel4_IRQHandler
                0x080058c8                SAI2_IRQHandler
                0x080058c8                ADC1_IRQHandler
                0x080058c8                DFSDM1_FLT3_IRQHandler
                0x080058c8                USART3_IRQHandler
                0x080058c8                DMA1_Channel7_IRQHandler
                0x080058c8                CAN1_RX1_IRQHandler
                0x080058c8                UART5_IRQHandler
                0x080058c8                DMA2_Channel1_IRQHandler
                0x080058c8                I2C1_EV_IRQHandler
                0x080058c8                DMAMUX1_OVR_IRQHandler
                0x080058c8                DMA1_Channel6_IRQHandler
                0x080058c8                UART4_IRQHandler
                0x080058c8                DMA2_Channel4_IRQHandler
                0x080058c8                TIM3_IRQHandler
                0x080058c8                RCC_IRQHandler
                0x080058c8                DMA1_Channel1_IRQHandler
                0x080058c8                Default_Handler
                0x080058c8                DMA2_Channel7_IRQHandler
                0x080058c8                TIM7_IRQHandler
                0x080058c8                SDMMC1_IRQHandler
                0x080058c8                TIM5_IRQHandler
                0x080058c8                I2C3_EV_IRQHandler
                0x080058c8                RTC_WKUP_IRQHandler
                0x080058c8                LTDC_IRQHandler
                0x080058c8                PVD_PVM_IRQHandler
                0x080058c8                SPI2_IRQHandler
                0x080058c8                CAN1_TX_IRQHandler
                0x080058c8                DMA2_Channel5_IRQHandler
                0x080058c8                CRS_IRQHandler
                0x080058c8                DMA1_Channel5_IRQHandler
                0x080058c8                EXTI4_IRQHandler
                0x080058c8                RNG_IRQHandler
                0x080058c8                TIM1_TRG_COM_TIM17_IRQHandler
                0x080058c8                DMA1_Channel3_IRQHandler
                0x080058c8                COMP_IRQHandler
                0x080058c8                WWDG_IRQHandler
                0x080058c8                I2C4_EV_IRQHandler
                0x080058c8                LPUART1_IRQHandler
                0x080058c8                DMA2_Channel6_IRQHandler
                0x080058c8                TIM2_IRQHandler
                0x080058c8                DMA2D_IRQHandler
                0x080058c8                EXTI1_IRQHandler
                0x080058c8                USART2_IRQHandler
                0x080058c8                DFSDM1_FLT0_IRQHandler
                0x080058c8                I2C2_ER_IRQHandler
                0x080058c8                DMA1_Channel2_IRQHandler
                0x080058c8                TIM8_BRK_IRQHandler
                0x080058c8                CAN1_SCE_IRQHandler
                0x080058c8                FLASH_IRQHandler
                0x080058c8                USART1_IRQHandler
                0x080058c8                OTG_FS_IRQHandler
                0x080058c8                SPI3_IRQHandler
                0x080058c8                I2C1_ER_IRQHandler
                0x080058c8                FMC_IRQHandler
                0x080058c8                LPTIM1_IRQHandler
                0x080058c8                I2C4_ER_IRQHandler
                0x080058c8                SAI1_IRQHandler
                0x080058c8                DMA2_Channel3_IRQHandler
                0x080058c8                TIM1_BRK_TIM15_IRQHandler
 .text.HAL_Init
                0x080058ca       0x30 ./Drivers/STM32L4xx_HAL_Driver/Src/stm32l4xx_hal.o
                0x080058ca                HAL_Init
 *fill*         0x080058fa        0x2 
 .text.HAL_InitTick
                0x080058fc       0x78 ./Drivers/STM32L4xx_HAL_Driver/Src/stm32l4xx_hal.o
                0x080058fc                HAL_InitTick
 .text.HAL_IncTick
                0x08005974       0x28 ./Drivers/STM32L4xx_HAL_Driver/Src/stm32l4xx_hal.o
                0x08005974                HAL_IncTick
 .text.HAL_GetTick
                0x0800599c       0x18 ./Drivers/STM32L4xx_HAL_Driver/Src/stm32l4xx_hal.o
                0x0800599c                HAL_GetTick
 .text.HAL_Delay
                0x080059b4       0x48 ./Drivers/STM32L4xx_HAL_Driver/Src/stm32l4xx_hal.o
                0x080059b4                HAL_Delay
 .text.__NVIC_SetPriorityGrouping
                0x080059fc       0x48 ./Drivers/STM32L4xx_HAL_Driver/Src/stm32l4xx_hal_cortex.o
 .text.__NVIC_GetPriorityGrouping
                0x08005a44       0x1c ./Drivers/STM32L4xx_HAL_Driver/Src/stm32l4xx_hal_cortex.o
 .text.__NVIC_EnableIRQ
                0x08005a60       0x3c ./Drivers/STM32L4xx_HAL_Driver/Src/stm32l4xx_hal_cortex.o
 .text.__NVIC_SetPriority
                0x08005a9c       0x54 ./Drivers/STM32L4xx_HAL_Driver/Src/stm32l4xx_hal_cortex.o
 .text.NVIC_EncodePriority
                0x08005af0       0x66 ./Drivers/STM32L4xx_HAL_Driver/Src/stm32l4xx_hal_cortex.o
 *fill*         0x08005b56        0x2 
 .text.SysTick_Config
                0x08005b58       0x44 ./Drivers/STM32L4xx_HAL_Driver/Src/stm32l4xx_hal_cortex.o
 .text.HAL_NVIC_SetPriorityGrouping
                0x08005b9c       0x16 ./Drivers/STM32L4xx_HAL_Driver/Src/stm32l4xx_hal_cortex.o
                0x08005b9c                HAL_NVIC_SetPriorityGrouping
 .text.HAL_NVIC_SetPriority
                0x08005bb2       0x38 ./Drivers/STM32L4xx_HAL_Driver/Src/stm32l4xx_hal_cortex.o
                0x08005bb2                HAL_NVIC_SetPriority
 .text.HAL_NVIC_EnableIRQ
                0x08005bea       0x1c ./Drivers/STM32L4xx_HAL_Driver/Src/stm32l4xx_hal_cortex.o
                0x08005bea                HAL_NVIC_EnableIRQ
 .text.HAL_SYSTICK_Config
                0x08005c06       0x18 ./Drivers/STM32L4xx_HAL_Driver/Src/stm32l4xx_hal_cortex.o
                0x08005c06                HAL_SYSTICK_Config
 *fill*         0x08005c1e        0x2 
 .text.HAL_GPIO_Init
                0x08005c20      0x324 ./Drivers/STM32L4xx_HAL_Driver/Src/stm32l4xx_hal_gpio.o
                0x08005c20                HAL_GPIO_Init
 .text.HAL_GPIO_WritePin
                0x08005f44       0x30 ./Drivers/STM32L4xx_HAL_Driver/Src/stm32l4xx_hal_gpio.o
                0x08005f44                HAL_GPIO_WritePin
 .text.HAL_GPIO_EXTI_IRQHandler
                0x08005f74       0x30 ./Drivers/STM32L4xx_HAL_Driver/Src/stm32l4xx_hal_gpio.o
                0x08005f74                HAL_GPIO_EXTI_IRQHandler
 .text.HAL_I2C_Init
                0x08005fa4      0x136 ./Drivers/STM32L4xx_HAL_Driver/Src/stm32l4xx_hal_i2c.o
                0x08005fa4                HAL_I2C_Init
 *fill*         0x080060da        0x2 
 .text.HAL_I2C_Master_Transmit
                0x080060dc      0x230 ./Drivers/STM32L4xx_HAL_Driver/Src/stm32l4xx_hal_i2c.o
                0x080060dc                HAL_I2C_Master_Transmit
 .text.HAL_I2C_Master_Receive
                0x0800630c      0x1ec ./Drivers/STM32L4xx_HAL_Driver/Src/stm32l4xx_hal_i2c.o
                0x0800630c                HAL_I2C_Master_Receive
 .text.HAL_I2C_Mem_Read
                0x080064f8      0x234 ./Drivers/STM32L4xx_HAL_Driver/Src/stm32l4xx_hal_i2c.o
                0x080064f8                HAL_I2C_Mem_Read
 .text.HAL_I2C_IsDeviceReady
                0x0800672c      0x1d8 ./Drivers/STM32L4xx_HAL_Driver/Src/stm32l4xx_hal_i2c.o
                0x0800672c                HAL_I2C_IsDeviceReady
 .text.I2C_RequestMemoryRead
                0x08006904       0xa8 ./Drivers/STM32L4xx_HAL_Driver/Src/stm32l4xx_hal_i2c.o
 .text.I2C_Flush_TXDR
                0x080069ac       0x48 ./Drivers/STM32L4xx_HAL_Driver/Src/stm32l4xx_hal_i2c.o
 .text.I2C_WaitOnFlagUntilTimeout
                0x080069f4       0xb2 ./Drivers/STM32L4xx_HAL_Driver/Src/stm32l4xx_hal_i2c.o
 .text.I2C_WaitOnTXISFlagUntilTimeout
                0x08006aa6       0x8e ./Drivers/STM32L4xx_HAL_Driver/Src/stm32l4xx_hal_i2c.o
 .text.I2C_WaitOnSTOPFlagUntilTimeout
                0x08006b34       0x86 ./Drivers/STM32L4xx_HAL_Driver/Src/stm32l4xx_hal_i2c.o
 *fill*         0x08006bba        0x2 
 .text.I2C_WaitOnRXNEFlagUntilTimeout
                0x08006bbc      0x118 ./Drivers/STM32L4xx_HAL_Driver/Src/stm32l4xx_hal_i2c.o
 .text.I2C_IsErrorOccurred
                0x08006cd4      0x1c0 ./Drivers/STM32L4xx_HAL_Driver/Src/stm32l4xx_hal_i2c.o
 .text.I2C_TransferConfig
                0x08006e94       0x64 ./Drivers/STM32L4xx_HAL_Driver/Src/stm32l4xx_hal_i2c.o
 .text.HAL_I2CEx_ConfigAnalogFilter
                0x08006ef8       0x96 ./Drivers/STM32L4xx_HAL_Driver/Src/stm32l4xx_hal_i2c_ex.o
                0x08006ef8                HAL_I2CEx_ConfigAnalogFilter
 .text.HAL_I2CEx_ConfigDigitalFilter
                0x08006f8e       0x98 ./Drivers/STM32L4xx_HAL_Driver/Src/stm32l4xx_hal_i2c_ex.o
                0x08006f8e                HAL_I2CEx_ConfigDigitalFilter
 *fill*         0x08007026        0x2 
 .text.HAL_PWREx_GetVoltageRange
                0x08007028       0x40 ./Drivers/STM32L4xx_HAL_Driver/Src/stm32l4xx_hal_pwr_ex.o
                0x08007028                HAL_PWREx_GetVoltageRange
 .text.HAL_PWREx_ControlVoltageScaling
                0x08007068      0x148 ./Drivers/STM32L4xx_HAL_Driver/Src/stm32l4xx_hal_pwr_ex.o
                0x08007068                HAL_PWREx_ControlVoltageScaling
 .text.HAL_PWREx_EnableVddIO2
                0x080071b0       0x20 ./Drivers/STM32L4xx_HAL_Driver/Src/stm32l4xx_hal_pwr_ex.o
                0x080071b0                HAL_PWREx_EnableVddIO2
 .text.HAL_RCC_OscConfig
                0x080071d0      0x834 ./Drivers/STM32L4xx_HAL_Driver/Src/stm32l4xx_hal_rcc.o
                0x080071d0                HAL_RCC_OscConfig
 .text.HAL_RCC_ClockConfig
                0x08007a04      0x274 ./Drivers/STM32L4xx_HAL_Driver/Src/stm32l4xx_hal_rcc.o
                0x08007a04                HAL_RCC_ClockConfig
 .text.HAL_RCC_GetSysClockFreq
                0x08007c78      0x118 ./Drivers/STM32L4xx_HAL_Driver/Src/stm32l4xx_hal_rcc.o
                0x08007c78                HAL_RCC_GetSysClockFreq
 .text.HAL_RCC_GetHCLKFreq
                0x08007d90       0x18 ./Drivers/STM32L4xx_HAL_Driver/Src/stm32l4xx_hal_rcc.o
                0x08007d90                HAL_RCC_GetHCLKFreq
 .text.HAL_RCC_GetPCLK1Freq
                0x08007da8       0x2c ./Drivers/STM32L4xx_HAL_Driver/Src/stm32l4xx_hal_rcc.o
                0x08007da8                HAL_RCC_GetPCLK1Freq
 .text.HAL_RCC_GetPCLK2Freq
                0x08007dd4       0x2c ./Drivers/STM32L4xx_HAL_Driver/Src/stm32l4xx_hal_rcc.o
                0x08007dd4                HAL_RCC_GetPCLK2Freq
 .text.RCC_SetFlashLatencyFromMSIRange
                0x08007e00       0xb4 ./Drivers/STM32L4xx_HAL_Driver/Src/stm32l4xx_hal_rcc.o
 .text.RCC_GetSysClockFreqFromPLLSource
                0x08007eb4       0xcc ./Drivers/STM32L4xx_HAL_Driver/Src/stm32l4xx_hal_rcc.o
 .text.HAL_RCCEx_PeriphCLKConfig
                0x08007f80      0x660 ./Drivers/STM32L4xx_HAL_Driver/Src/stm32l4xx_hal_rcc_ex.o
                0x08007f80                HAL_RCCEx_PeriphCLKConfig
 .text.RCCEx_PLLSAI1_Config
                0x080085e0      0x1e8 ./Drivers/STM32L4xx_HAL_Driver/Src/stm32l4xx_hal_rcc_ex.o
 .text.RCCEx_PLLSAI2_Config
                0x080087c8      0x1e8 ./Drivers/STM32L4xx_HAL_Driver/Src/stm32l4xx_hal_rcc_ex.o
 .text.HAL_SPI_Init
                0x080089b0      0x146 ./Drivers/STM32L4xx_HAL_Driver/Src/stm32l4xx_hal_spi.o
                0x080089b0                HAL_SPI_Init
 .text.HAL_SPI_Transmit
                0x08008af6      0x2ec ./Drivers/STM32L4xx_HAL_Driver/Src/stm32l4xx_hal_spi.o
                0x08008af6                HAL_SPI_Transmit
 .text.HAL_SPI_TransmitReceive
                0x08008de2      0x43e ./Drivers/STM32L4xx_HAL_Driver/Src/stm32l4xx_hal_spi.o
                0x08008de2                HAL_SPI_TransmitReceive
 .text.SPI_WaitFlagStateUntilTimeout
                0x08009220      0x110 ./Drivers/STM32L4xx_HAL_Driver/Src/stm32l4xx_hal_spi.o
 .text.SPI_WaitFifoStateUntilTimeout
                0x08009330      0x12c ./Drivers/STM32L4xx_HAL_Driver/Src/stm32l4xx_hal_spi.o
 .text.SPI_EndRxTxTransaction
                0x0800945c       0x8c ./Drivers/STM32L4xx_HAL_Driver/Src/stm32l4xx_hal_spi.o
 .text.HAL_TIM_Base_Init
                0x080094e8       0xae ./Drivers/STM32L4xx_HAL_Driver/Src/stm32l4xx_hal_tim.o
                0x080094e8                HAL_TIM_Base_Init
 *fill*         0x08009596        0x2 
 .text.HAL_TIM_Base_Start_IT
                0x08009598       0xe0 ./Drivers/STM32L4xx_HAL_Driver/Src/stm32l4xx_hal_tim.o
                0x08009598                HAL_TIM_Base_Start_IT
 .text.HAL_TIM_IRQHandler
                0x08009678      0x20e ./Drivers/STM32L4xx_HAL_Driver/Src/stm32l4xx_hal_tim.o
                0x08009678                HAL_TIM_IRQHandler
 .text.HAL_TIM_ConfigClockSource
                0x08009886      0x192 ./Drivers/STM32L4xx_HAL_Driver/Src/stm32l4xx_hal_tim.o
                0x08009886                HAL_TIM_ConfigClockSource
 .text.HAL_TIM_OC_DelayElapsedCallback
                0x08009a18       0x14 ./Drivers/STM32L4xx_HAL_Driver/Src/stm32l4xx_hal_tim.o
                0x08009a18                HAL_TIM_OC_DelayElapsedCallback
 .text.HAL_TIM_IC_CaptureCallback
                0x08009a2c       0x14 ./Drivers/STM32L4xx_HAL_Driver/Src/stm32l4xx_hal_tim.o
                0x08009a2c                HAL_TIM_IC_CaptureCallback
 .text.HAL_TIM_PWM_PulseFinishedCallback
                0x08009a40       0x14 ./Drivers/STM32L4xx_HAL_Driver/Src/stm32l4xx_hal_tim.o
                0x08009a40                HAL_TIM_PWM_PulseFinishedCallback
 .text.HAL_TIM_TriggerCallback
                0x08009a54       0x14 ./Drivers/STM32L4xx_HAL_Driver/Src/stm32l4xx_hal_tim.o
                0x08009a54                HAL_TIM_TriggerCallback
 .text.TIM_Base_SetConfig
                0x08009a68      0x14c ./Drivers/STM32L4xx_HAL_Driver/Src/stm32l4xx_hal_tim.o
                0x08009a68                TIM_Base_SetConfig
 .text.TIM_TI1_ConfigInputStage
                0x08009bb4       0x5e ./Drivers/STM32L4xx_HAL_Driver/Src/stm32l4xx_hal_tim.o
 .text.TIM_TI2_ConfigInputStage
                0x08009c12       0x60 ./Drivers/STM32L4xx_HAL_Driver/Src/stm32l4xx_hal_tim.o
 .text.TIM_ITRx_SetConfig
                0x08009c72       0x36 ./Drivers/STM32L4xx_HAL_Driver/Src/stm32l4xx_hal_tim.o
 .text.TIM_ETR_SetConfig
                0x08009ca8       0x40 ./Drivers/STM32L4xx_HAL_Driver/Src/stm32l4xx_hal_tim.o
                0x08009ca8                TIM_ETR_SetConfig
 .text.HAL_TIMEx_MasterConfigSynchronization
                0x08009ce8      0x110 ./Drivers/STM32L4xx_HAL_Driver/Src/stm32l4xx_hal_tim_ex.o
                0x08009ce8                HAL_TIMEx_MasterConfigSynchronization
 .text.HAL_TIMEx_CommutCallback
                0x08009df8       0x14 ./Drivers/STM32L4xx_HAL_Driver/Src/stm32l4xx_hal_tim_ex.o
                0x08009df8                HAL_TIMEx_CommutCallback
 .text.HAL_TIMEx_BreakCallback
                0x08009e0c       0x14 ./Drivers/STM32L4xx_HAL_Driver/Src/stm32l4xx_hal_tim_ex.o
                0x08009e0c                HAL_TIMEx_BreakCallback
 .text.HAL_TIMEx_Break2Callback
                0x08009e20       0x14 ./Drivers/STM32L4xx_HAL_Driver/Src/stm32l4xx_hal_tim_ex.o
                0x08009e20                HAL_TIMEx_Break2Callback
 .text.HAL_UART_Init
                0x08009e34       0xa0 ./Drivers/STM32L4xx_HAL_Driver/Src/stm32l4xx_hal_uart.o
                0x08009e34                HAL_UART_Init
 .text.HAL_UART_Transmit
                0x08009ed4      0x11c ./Drivers/STM32L4xx_HAL_Driver/Src/stm32l4xx_hal_uart.o
                0x08009ed4                HAL_UART_Transmit
 .text.UART_SetConfig
                0x08009ff0      0x5f8 ./Drivers/STM32L4xx_HAL_Driver/Src/stm32l4xx_hal_uart.o
                0x08009ff0                UART_SetConfig
 .text.UART_AdvFeatureConfig
                0x0800a5e8      0x144 ./Drivers/STM32L4xx_HAL_Driver/Src/stm32l4xx_hal_uart.o
                0x0800a5e8                UART_AdvFeatureConfig
 .text.UART_CheckIdleState
                0x0800a72c      0x154 ./Drivers/STM32L4xx_HAL_Driver/Src/stm32l4xx_hal_uart.o
                0x0800a72c                UART_CheckIdleState
 .text.UART_WaitOnFlagUntilTimeout
                0x0800a880       0xda ./Drivers/STM32L4xx_HAL_Driver/Src/stm32l4xx_hal_uart.o
                0x0800a880                UART_WaitOnFlagUntilTimeout
 .text.UART_EndRxTransfer
                0x0800a95a       0xcc ./Drivers/STM32L4xx_HAL_Driver/Src/stm32l4xx_hal_uart.o
 .text.HAL_UARTEx_DisableFifoMode
                0x0800aa26       0x72 ./Drivers/STM32L4xx_HAL_Driver/Src/stm32l4xx_hal_uart_ex.o
                0x0800aa26                HAL_UARTEx_DisableFifoMode
 .text.HAL_UARTEx_SetTxFifoThreshold
                0x0800aa98       0x7c ./Drivers/STM32L4xx_HAL_Driver/Src/stm32l4xx_hal_uart_ex.o
                0x0800aa98                HAL_UARTEx_SetTxFifoThreshold
 .text.HAL_UARTEx_SetRxFifoThreshold
                0x0800ab14       0x7c ./Drivers/STM32L4xx_HAL_Driver/Src/stm32l4xx_hal_uart_ex.o
                0x0800ab14                HAL_UARTEx_SetRxFifoThreshold
 .text.UARTEx_SetNbDataToProcess
                0x0800ab90       0x9c ./Drivers/STM32L4xx_HAL_Driver/Src/stm32l4xx_hal_uart_ex.o
 .text.VL53L0X_GetOffsetCalibrationDataMicroMeter
                0x0800ac2c       0x26 ./Drivers/VL53L0X/core/src/vl53l0x_api.o
                0x0800ac2c                VL53L0X_GetOffsetCalibrationDataMicroMeter
 *fill*         0x0800ac52        0x2 
 .text.VL53L0X_DataInit
                0x0800ac54      0x2c8 ./Drivers/VL53L0X/core/src/vl53l0x_api.o
                0x0800ac54                VL53L0X_DataInit
 .text.VL53L0X_StaticInit
                0x0800af1c      0x300 ./Drivers/VL53L0X/core/src/vl53l0x_api.o
                0x0800af1c                VL53L0X_StaticInit
 .text.VL53L0X_WaitDeviceBooted
                0x0800b21c       0x1c ./Drivers/VL53L0X/core/src/vl53l0x_api.o
                0x0800b21c                VL53L0X_WaitDeviceBooted
 .text.VL53L0X_GetDeviceParameters
                0x0800b238      0x120 ./Drivers/VL53L0X/core/src/vl53l0x_api.o
                0x0800b238                VL53L0X_GetDeviceParameters
 .text.VL53L0X_SetDeviceMode
                0x0800b358       0x58 ./Drivers/VL53L0X/core/src/vl53l0x_api.o
                0x0800b358                VL53L0X_SetDeviceMode
 .text.VL53L0X_GetDeviceMode
                0x0800b3b0       0x26 ./Drivers/VL53L0X/core/src/vl53l0x_api.o
                0x0800b3b0                VL53L0X_GetDeviceMode
 .text.VL53L0X_GetFractionEnable
                0x0800b3d6       0x3e ./Drivers/VL53L0X/core/src/vl53l0x_api.o
                0x0800b3d6                VL53L0X_GetFractionEnable
 .text.VL53L0X_SetMeasurementTimingBudgetMicroSeconds
                0x0800b414       0x26 ./Drivers/VL53L0X/core/src/vl53l0x_api.o
                0x0800b414                VL53L0X_SetMeasurementTimingBudgetMicroSeconds
 .text.VL53L0X_GetMeasurementTimingBudgetMicroSeconds
                0x0800b43a       0x26 ./Drivers/VL53L0X/core/src/vl53l0x_api.o
                0x0800b43a                VL53L0X_GetMeasurementTimingBudgetMicroSeconds
 .text.VL53L0X_GetVcselPulsePeriod
                0x0800b460       0x2e ./Drivers/VL53L0X/core/src/vl53l0x_api.o
                0x0800b460                VL53L0X_GetVcselPulsePeriod
 *fill*         0x0800b48e        0x2 
 .text.VL53L0X_SetSequenceStepEnable
                0x0800b490      0x140 ./Drivers/VL53L0X/core/src/vl53l0x_api.o
                0x0800b490                VL53L0X_SetSequenceStepEnable
 .text.sequence_step_enabled
                0x0800b5d0       0xa4 ./Drivers/VL53L0X/core/src/vl53l0x_api.o
                0x0800b5d0                sequence_step_enabled
 .text.VL53L0X_GetSequenceStepEnables
                0x0800b674       0xb0 ./Drivers/VL53L0X/core/src/vl53l0x_api.o
                0x0800b674                VL53L0X_GetSequenceStepEnables
 .text.VL53L0X_GetInterMeasurementPeriodMilliSeconds
                0x0800b724       0x68 ./Drivers/VL53L0X/core/src/vl53l0x_api.o
                0x0800b724                VL53L0X_GetInterMeasurementPeriodMilliSeconds
 .text.VL53L0X_GetXTalkCompensationEnable
                0x0800b78c       0x2a ./Drivers/VL53L0X/core/src/vl53l0x_api.o
                0x0800b78c                VL53L0X_GetXTalkCompensationEnable
 .text.VL53L0X_GetXTalkCompensationRateMegaCps
                0x0800b7b6       0x66 ./Drivers/VL53L0X/core/src/vl53l0x_api.o
                0x0800b7b6                VL53L0X_GetXTalkCompensationRateMegaCps
 .text.VL53L0X_SetLimitCheckEnable
                0x0800b81c      0x118 ./Drivers/VL53L0X/core/src/vl53l0x_api.o
                0x0800b81c                VL53L0X_SetLimitCheckEnable
 .text.VL53L0X_GetLimitCheckEnable
                0x0800b934       0x46 ./Drivers/VL53L0X/core/src/vl53l0x_api.o
                0x0800b934                VL53L0X_GetLimitCheckEnable
 *fill*         0x0800b97a        0x2 
 .text.VL53L0X_SetLimitCheckValue
                0x0800b97c       0xc4 ./Drivers/VL53L0X/core/src/vl53l0x_api.o
                0x0800b97c                VL53L0X_SetLimitCheckValue
 .text.VL53L0X_GetLimitCheckValue
                0x0800ba40      0x11c ./Drivers/VL53L0X/core/src/vl53l0x_api.o
                0x0800ba40                VL53L0X_GetLimitCheckValue
 .text.VL53L0X_GetWrapAroundCheckEnable
                0x0800bb5c       0x64 ./Drivers/VL53L0X/core/src/vl53l0x_api.o
                0x0800bb5c                VL53L0X_GetWrapAroundCheckEnable
 .text.VL53L0X_PerformSingleMeasurement
                0x0800bbc0       0x68 ./Drivers/VL53L0X/core/src/vl53l0x_api.o
                0x0800bbc0                VL53L0X_PerformSingleMeasurement
 .text.VL53L0X_PerformRefCalibration
                0x0800bc28       0x2c ./Drivers/VL53L0X/core/src/vl53l0x_api.o
                0x0800bc28                VL53L0X_PerformRefCalibration
 .text.VL53L0X_CheckAndLoadInterruptSettings
                0x0800bc54       0xcc ./Drivers/VL53L0X/core/src/vl53l0x_api.o
                0x0800bc54                VL53L0X_CheckAndLoadInterruptSettings
 .text.VL53L0X_StartMeasurement
                0x0800bd20      0x184 ./Drivers/VL53L0X/core/src/vl53l0x_api.o
                0x0800bd20                VL53L0X_StartMeasurement
 .text.VL53L0X_GetMeasurementDataReady
                0x0800bea4       0x80 ./Drivers/VL53L0X/core/src/vl53l0x_api.o
                0x0800bea4                VL53L0X_GetMeasurementDataReady
 .text.VL53L0X_GetRangingMeasurementData
                0x0800bf24      0x238 ./Drivers/VL53L0X/core/src/vl53l0x_api.o
                0x0800bf24                VL53L0X_GetRangingMeasurementData
 .text.VL53L0X_PerformSingleRangingMeasurement
                0x0800c15c       0x60 ./Drivers/VL53L0X/core/src/vl53l0x_api.o
                0x0800c15c                VL53L0X_PerformSingleRangingMeasurement
 .text.VL53L0X_SetGpioConfig
                0x0800c1bc      0x244 ./Drivers/VL53L0X/core/src/vl53l0x_api.o
                0x0800c1bc                VL53L0X_SetGpioConfig
 .text.VL53L0X_GetInterruptThresholds
                0x0800c400       0x68 ./Drivers/VL53L0X/core/src/vl53l0x_api.o
                0x0800c400                VL53L0X_GetInterruptThresholds
 .text.VL53L0X_ClearInterruptMask
                0x0800c468       0x80 ./Drivers/VL53L0X/core/src/vl53l0x_api.o
                0x0800c468                VL53L0X_ClearInterruptMask
 .text.VL53L0X_GetInterruptMaskStatus
                0x0800c4e8       0x44 ./Drivers/VL53L0X/core/src/vl53l0x_api.o
                0x0800c4e8                VL53L0X_GetInterruptMaskStatus
 .text.VL53L0X_PerformRefSpadManagement
                0x0800c52c       0x2a ./Drivers/VL53L0X/core/src/vl53l0x_api.o
                0x0800c52c                VL53L0X_PerformRefSpadManagement
 .text.VL53L0X_get_offset_calibration_data_micro_meter
                0x0800c556       0x7e ./Drivers/VL53L0X/core/src/vl53l0x_api_calibration.o
                0x0800c556                VL53L0X_get_offset_calibration_data_micro_meter
 .text.get_next_good_spad
                0x0800c5d4       0xbc ./Drivers/VL53L0X/core/src/vl53l0x_api_calibration.o
                0x0800c5d4                get_next_good_spad
 .text.is_aperture
                0x0800c690       0x34 ./Drivers/VL53L0X/core/src/vl53l0x_api_calibration.o
                0x0800c690                is_aperture
 .text.enable_spad_bit
                0x0800c6c4       0x70 ./Drivers/VL53L0X/core/src/vl53l0x_api_calibration.o
                0x0800c6c4                enable_spad_bit
 .text.set_ref_spad_map
                0x0800c734       0x26 ./Drivers/VL53L0X/core/src/vl53l0x_api_calibration.o
                0x0800c734                set_ref_spad_map
 .text.get_ref_spad_map
                0x0800c75a       0x26 ./Drivers/VL53L0X/core/src/vl53l0x_api_calibration.o
                0x0800c75a                get_ref_spad_map
 .text.enable_ref_spads
                0x0800c780       0xf8 ./Drivers/VL53L0X/core/src/vl53l0x_api_calibration.o
                0x0800c780                enable_ref_spads
 .text.perform_ref_signal_measurement
                0x0800c878       0xd4 ./Drivers/VL53L0X/core/src/vl53l0x_api_calibration.o
                0x0800c878                perform_ref_signal_measurement
 .text.VL53L0X_perform_ref_spad_management
                0x0800c94c      0x418 ./Drivers/VL53L0X/core/src/vl53l0x_api_calibration.o
                0x0800c94c                VL53L0X_perform_ref_spad_management
 .text.VL53L0X_set_reference_spads
                0x0800cd64      0x14a ./Drivers/VL53L0X/core/src/vl53l0x_api_calibration.o
                0x0800cd64                VL53L0X_set_reference_spads
 .text.VL53L0X_perform_single_ref_calibration
                0x0800ceae       0x76 ./Drivers/VL53L0X/core/src/vl53l0x_api_calibration.o
                0x0800ceae                VL53L0X_perform_single_ref_calibration
 .text.VL53L0X_ref_calibration_io
                0x0800cf24      0x132 ./Drivers/VL53L0X/core/src/vl53l0x_api_calibration.o
                0x0800cf24                VL53L0X_ref_calibration_io
 .text.VL53L0X_perform_vhv_calibration
                0x0800d056       0xce ./Drivers/VL53L0X/core/src/vl53l0x_api_calibration.o
                0x0800d056                VL53L0X_perform_vhv_calibration
 .text.VL53L0X_perform_phase_calibration
                0x0800d124       0xca ./Drivers/VL53L0X/core/src/vl53l0x_api_calibration.o
                0x0800d124                VL53L0X_perform_phase_calibration
 .text.VL53L0X_perform_ref_calibration
                0x0800d1ee       0x7a ./Drivers/VL53L0X/core/src/vl53l0x_api_calibration.o
                0x0800d1ee                VL53L0X_perform_ref_calibration
 .text.VL53L0X_measurement_poll_for_completion
                0x0800d268       0x60 ./Drivers/VL53L0X/core/src/vl53l0x_api_core.o
                0x0800d268                VL53L0X_measurement_poll_for_completion
 .text.VL53L0X_decode_vcsel_period
                0x0800d2c8       0x26 ./Drivers/VL53L0X/core/src/vl53l0x_api_core.o
                0x0800d2c8                VL53L0X_decode_vcsel_period
 .text.VL53L0X_isqrt
                0x0800d2ee       0x68 ./Drivers/VL53L0X/core/src/vl53l0x_api_core.o
                0x0800d2ee                VL53L0X_isqrt
 .text.VL53L0X_device_read_strobe
                0x0800d356       0x86 ./Drivers/VL53L0X/core/src/vl53l0x_api_core.o
                0x0800d356                VL53L0X_device_read_strobe
 .text.VL53L0X_get_info_from_device
                0x0800d3dc      0x99a ./Drivers/VL53L0X/core/src/vl53l0x_api_core.o
                0x0800d3dc                VL53L0X_get_info_from_device
 .text.VL53L0X_calc_macro_period_ps
                0x0800dd76       0x3c ./Drivers/VL53L0X/core/src/vl53l0x_api_core.o
                0x0800dd76                VL53L0X_calc_macro_period_ps
 .text.VL53L0X_encode_timeout
                0x0800ddb2       0x54 ./Drivers/VL53L0X/core/src/vl53l0x_api_core.o
                0x0800ddb2                VL53L0X_encode_timeout
 .text.VL53L0X_decode_timeout
                0x0800de06       0x2c ./Drivers/VL53L0X/core/src/vl53l0x_api_core.o
                0x0800de06                VL53L0X_decode_timeout
 *fill*         0x0800de32        0x2 
 .text.VL53L0X_calc_timeout_mclks
                0x0800de34       0x54 ./Drivers/VL53L0X/core/src/vl53l0x_api_core.o
                0x0800de34                VL53L0X_calc_timeout_mclks
 .text.VL53L0X_calc_timeout_us
                0x0800de88       0x54 ./Drivers/VL53L0X/core/src/vl53l0x_api_core.o
                0x0800de88                VL53L0X_calc_timeout_us
 .text.get_sequence_step_timeout
                0x0800dedc      0x1c0 ./Drivers/VL53L0X/core/src/vl53l0x_api_core.o
                0x0800dedc                get_sequence_step_timeout
 .text.set_sequence_step_timeout
                0x0800e09c      0x1e4 ./Drivers/VL53L0X/core/src/vl53l0x_api_core.o
                0x0800e09c                set_sequence_step_timeout
 .text.VL53L0X_get_vcsel_pulse_period
                0x0800e280       0x6e ./Drivers/VL53L0X/core/src/vl53l0x_api_core.o
                0x0800e280                VL53L0X_get_vcsel_pulse_period
 .text.VL53L0X_set_measurement_timing_budget_micro_seconds
                0x0800e2ee      0x1c0 ./Drivers/VL53L0X/core/src/vl53l0x_api_core.o
                0x0800e2ee                VL53L0X_set_measurement_timing_budget_micro_seconds
 .text.VL53L0X_get_measurement_timing_budget_micro_seconds
                0x0800e4ae      0x162 ./Drivers/VL53L0X/core/src/vl53l0x_api_core.o
                0x0800e4ae                VL53L0X_get_measurement_timing_budget_micro_seconds
 .text.VL53L0X_load_tuning_settings
                0x0800e610      0x1c4 ./Drivers/VL53L0X/core/src/vl53l0x_api_core.o
                0x0800e610                VL53L0X_load_tuning_settings
 .text.VL53L0X_get_total_xtalk_rate
                0x0800e7d4       0x5e ./Drivers/VL53L0X/core/src/vl53l0x_api_core.o
                0x0800e7d4                VL53L0X_get_total_xtalk_rate
 .text.VL53L0X_get_total_signal_rate
                0x0800e832       0x4a ./Drivers/VL53L0X/core/src/vl53l0x_api_core.o
                0x0800e832                VL53L0X_get_total_signal_rate
 .text.VL53L0X_calc_dmax
                0x0800e87c      0x238 ./Drivers/VL53L0X/core/src/vl53l0x_api_core.o
                0x0800e87c                VL53L0X_calc_dmax
 .text.VL53L0X_calc_sigma_estimate
                0x0800eab4      0x498 ./Drivers/VL53L0X/core/src/vl53l0x_api_core.o
                0x0800eab4                VL53L0X_calc_sigma_estimate
 .text.VL53L0X_get_pal_range_status
                0x0800ef4c      0x3b6 ./Drivers/VL53L0X/core/src/vl53l0x_api_core.o
                0x0800ef4c                VL53L0X_get_pal_range_status
 .text._I2CWrite
                0x0800f302       0x3e ./Drivers/VL53L0X/platform/src/vl53l0x_platform.o
                0x0800f302                _I2CWrite
 .text._I2CRead
                0x0800f340       0x44 ./Drivers/VL53L0X/platform/src/vl53l0x_platform.o
                0x0800f340                _I2CRead
 .text.VL53L0X_WriteMulti
                0x0800f384       0x60 ./Drivers/VL53L0X/platform/src/vl53l0x_platform.o
                0x0800f384                VL53L0X_WriteMulti
 .text.VL53L0X_ReadMulti
                0x0800f3e4       0x56 ./Drivers/VL53L0X/platform/src/vl53l0x_platform.o
                0x0800f3e4                VL53L0X_ReadMulti
 *fill*         0x0800f43a        0x2 
 .text.VL53L0X_WrByte
                0x0800f43c       0x48 ./Drivers/VL53L0X/platform/src/vl53l0x_platform.o
                0x0800f43c                VL53L0X_WrByte
 .text.VL53L0X_WrWord
                0x0800f484       0x54 ./Drivers/VL53L0X/platform/src/vl53l0x_platform.o
                0x0800f484                VL53L0X_WrWord
 .text.VL53L0X_UpdateByte
                0x0800f4d8       0x68 ./Drivers/VL53L0X/platform/src/vl53l0x_platform.o
                0x0800f4d8                VL53L0X_UpdateByte
 .text.VL53L0X_RdByte
                0x0800f540       0x54 ./Drivers/VL53L0X/platform/src/vl53l0x_platform.o
                0x0800f540                VL53L0X_RdByte
 .text.VL53L0X_RdWord
                0x0800f594       0x6c ./Drivers/VL53L0X/platform/src/vl53l0x_platform.o
                0x0800f594                VL53L0X_RdWord
 .text.VL53L0X_RdDWord
                0x0800f600       0x78 ./Drivers/VL53L0X/platform/src/vl53l0x_platform.o
                0x0800f600                VL53L0X_RdDWord
 .text.VL53L0X_PollingDelay
                0x0800f678       0x1e ./Drivers/VL53L0X/platform/src/vl53l0x_platform.o
                0x0800f678                VL53L0X_PollingDelay
 .text.__cvt    0x0800f696       0xca C:/ST/STM32CubeIDE_1.16.1/STM32CubeIDE/plugins/com.st.stm32cube.ide.mcu.externaltools.gnu-tools-for-stm32.13.3.rel1.win32_1.0.0.202411081344/tools/bin/../lib/gcc/arm-none-eabi/13.3.1/../../../../arm-none-eabi/lib/thumb/v7e-m+fp/hard\libc_nano.a(libc_a-nano-vfprintf_float.o)
                0x0800f696                __cvt
 .text.__exponent
                0x0800f760       0x74 C:/ST/STM32CubeIDE_1.16.1/STM32CubeIDE/plugins/com.st.stm32cube.ide.mcu.externaltools.gnu-tools-for-stm32.13.3.rel1.win32_1.0.0.202411081344/tools/bin/../lib/gcc/arm-none-eabi/13.3.1/../../../../arm-none-eabi/lib/thumb/v7e-m+fp/hard\libc_nano.a(libc_a-nano-vfprintf_float.o)
                0x0800f760                __exponent
 .text._printf_float
                0x0800f7d4      0x454 C:/ST/STM32CubeIDE_1.16.1/STM32CubeIDE/plugins/com.st.stm32cube.ide.mcu.externaltools.gnu-tools-for-stm32.13.3.rel1.win32_1.0.0.202411081344/tools/bin/../lib/gcc/arm-none-eabi/13.3.1/../../../../arm-none-eabi/lib/thumb/v7e-m+fp/hard\libc_nano.a(libc_a-nano-vfprintf_float.o)
                0x0800f7d4                _printf_float
 .text._printf_common
                0x0800fc28       0xda C:/ST/STM32CubeIDE_1.16.1/STM32CubeIDE/plugins/com.st.stm32cube.ide.mcu.externaltools.gnu-tools-for-stm32.13.3.rel1.win32_1.0.0.202411081344/tools/bin/../lib/gcc/arm-none-eabi/13.3.1/../../../../arm-none-eabi/lib/thumb/v7e-m+fp/hard\libc_nano.a(libc_a-nano-vfprintf_i.o)
                0x0800fc28                _printf_common
 *fill*         0x0800fd02        0x2 
 .text._printf_i
                0x0800fd04      0x23c C:/ST/STM32CubeIDE_1.16.1/STM32CubeIDE/plugins/com.st.stm32cube.ide.mcu.externaltools.gnu-tools-for-stm32.13.3.rel1.win32_1.0.0.202411081344/tools/bin/../lib/gcc/arm-none-eabi/13.3.1/../../../../arm-none-eabi/lib/thumb/v7e-m+fp/hard\libc_nano.a(libc_a-nano-vfprintf_i.o)
                0x0800fd04                _printf_i
 .text.std      0x0800ff40       0x6c C:/ST/STM32CubeIDE_1.16.1/STM32CubeIDE/plugins/com.st.stm32cube.ide.mcu.externaltools.gnu-tools-for-stm32.13.3.rel1.win32_1.0.0.202411081344/tools/bin/../lib/gcc/arm-none-eabi/13.3.1/../../../../arm-none-eabi/lib/thumb/v7e-m+fp/hard\libc_nano.a(libc_a-findfp.o)
 .text.stdio_exit_handler
                0x0800ffac       0x18 C:/ST/STM32CubeIDE_1.16.1/STM32CubeIDE/plugins/com.st.stm32cube.ide.mcu.externaltools.gnu-tools-for-stm32.13.3.rel1.win32_1.0.0.202411081344/tools/bin/../lib/gcc/arm-none-eabi/13.3.1/../../../../arm-none-eabi/lib/thumb/v7e-m+fp/hard\libc_nano.a(libc_a-findfp.o)
 .text.cleanup_stdio
                0x0800ffc4       0x40 C:/ST/STM32CubeIDE_1.16.1/STM32CubeIDE/plugins/com.st.stm32cube.ide.mcu.externaltools.gnu-tools-for-stm32.13.3.rel1.win32_1.0.0.202411081344/tools/bin/../lib/gcc/arm-none-eabi/13.3.1/../../../../arm-none-eabi/lib/thumb/v7e-m+fp/hard\libc_nano.a(libc_a-findfp.o)
 .text.global_stdio_init.part.0
                0x08010004       0x3c C:/ST/STM32CubeIDE_1.16.1/STM32CubeIDE/plugins/com.st.stm32cube.ide.mcu.externaltools.gnu-tools-for-stm32.13.3.rel1.win32_1.0.0.202411081344/tools/bin/../lib/gcc/arm-none-eabi/13.3.1/../../../../arm-none-eabi/lib/thumb/v7e-m+fp/hard\libc_nano.a(libc_a-findfp.o)
 .text.__sfp_lock_acquire
                0x08010040        0xc C:/ST/STM32CubeIDE_1.16.1/STM32CubeIDE/plugins/com.st.stm32cube.ide.mcu.externaltools.gnu-tools-for-stm32.13.3.rel1.win32_1.0.0.202411081344/tools/bin/../lib/gcc/arm-none-eabi/13.3.1/../../../../arm-none-eabi/lib/thumb/v7e-m+fp/hard\libc_nano.a(libc_a-findfp.o)
                0x08010040                __sfp_lock_acquire
 .text.__sfp_lock_release
                0x0801004c        0xc C:/ST/STM32CubeIDE_1.16.1/STM32CubeIDE/plugins/com.st.stm32cube.ide.mcu.externaltools.gnu-tools-for-stm32.13.3.rel1.win32_1.0.0.202411081344/tools/bin/../lib/gcc/arm-none-eabi/13.3.1/../../../../arm-none-eabi/lib/thumb/v7e-m+fp/hard\libc_nano.a(libc_a-findfp.o)
                0x0801004c                __sfp_lock_release
 .text.__sinit  0x08010058       0x30 C:/ST/STM32CubeIDE_1.16.1/STM32CubeIDE/plugins/com.st.stm32cube.ide.mcu.externaltools.gnu-tools-for-stm32.13.3.rel1.win32_1.0.0.202411081344/tools/bin/../lib/gcc/arm-none-eabi/13.3.1/../../../../arm-none-eabi/lib/thumb/v7e-m+fp/hard\libc_nano.a(libc_a-findfp.o)
                0x08010058                __sinit
 .text._fwalk_sglue
                0x08010088       0x3c C:/ST/STM32CubeIDE_1.16.1/STM32CubeIDE/plugins/com.st.stm32cube.ide.mcu.externaltools.gnu-tools-for-stm32.13.3.rel1.win32_1.0.0.202411081344/tools/bin/../lib/gcc/arm-none-eabi/13.3.1/../../../../arm-none-eabi/lib/thumb/v7e-m+fp/hard\libc_nano.a(libc_a-fwalk.o)
                0x08010088                _fwalk_sglue
 .text.printf   0x080100c4       0x24 C:/ST/STM32CubeIDE_1.16.1/STM32CubeIDE/plugins/com.st.stm32cube.ide.mcu.externaltools.gnu-tools-for-stm32.13.3.rel1.win32_1.0.0.202411081344/tools/bin/../lib/gcc/arm-none-eabi/13.3.1/../../../../arm-none-eabi/lib/thumb/v7e-m+fp/hard\libc_nano.a(libc_a-printf.o)
                0x080100c4                iprintf
                0x080100c4                printf
 .text.putchar  0x080100e8       0x10 C:/ST/STM32CubeIDE_1.16.1/STM32CubeIDE/plugins/com.st.stm32cube.ide.mcu.externaltools.gnu-tools-for-stm32.13.3.rel1.win32_1.0.0.202411081344/tools/bin/../lib/gcc/arm-none-eabi/13.3.1/../../../../arm-none-eabi/lib/thumb/v7e-m+fp/hard\libc_nano.a(libc_a-putchar.o)
                0x080100e8                putchar
 .text._puts_r  0x080100f8       0xaa C:/ST/STM32CubeIDE_1.16.1/STM32CubeIDE/plugins/com.st.stm32cube.ide.mcu.externaltools.gnu-tools-for-stm32.13.3.rel1.win32_1.0.0.202411081344/tools/bin/../lib/gcc/arm-none-eabi/13.3.1/../../../../arm-none-eabi/lib/thumb/v7e-m+fp/hard\libc_nano.a(libc_a-puts.o)
                0x080100f8                _puts_r
 *fill*         0x080101a2        0x2 
 .text.puts     0x080101a4       0x10 C:/ST/STM32CubeIDE_1.16.1/STM32CubeIDE/plugins/com.st.stm32cube.ide.mcu.externaltools.gnu-tools-for-stm32.13.3.rel1.win32_1.0.0.202411081344/tools/bin/../lib/gcc/arm-none-eabi/13.3.1/../../../../arm-none-eabi/lib/thumb/v7e-m+fp/hard\libc_nano.a(libc_a-puts.o)
                0x080101a4                puts
 .text.sprintf  0x080101b4       0x44 C:/ST/STM32CubeIDE_1.16.1/STM32CubeIDE/plugins/com.st.stm32cube.ide.mcu.externaltools.gnu-tools-for-stm32.13.3.rel1.win32_1.0.0.202411081344/tools/bin/../lib/gcc/arm-none-eabi/13.3.1/../../../../arm-none-eabi/lib/thumb/v7e-m+fp/hard\libc_nano.a(libc_a-sprintf.o)
                0x080101b4                siprintf
                0x080101b4                sprintf
 .text.__sread  0x080101f8       0x22 C:/ST/STM32CubeIDE_1.16.1/STM32CubeIDE/plugins/com.st.stm32cube.ide.mcu.externaltools.gnu-tools-for-stm32.13.3.rel1.win32_1.0.0.202411081344/tools/bin/../lib/gcc/arm-none-eabi/13.3.1/../../../../arm-none-eabi/lib/thumb/v7e-m+fp/hard\libc_nano.a(libc_a-stdio.o)
                0x080101f8                __sread
 .text.__swrite
                0x0801021a       0x38 C:/ST/STM32CubeIDE_1.16.1/STM32CubeIDE/plugins/com.st.stm32cube.ide.mcu.externaltools.gnu-tools-for-stm32.13.3.rel1.win32_1.0.0.202411081344/tools/bin/../lib/gcc/arm-none-eabi/13.3.1/../../../../arm-none-eabi/lib/thumb/v7e-m+fp/hard\libc_nano.a(libc_a-stdio.o)
                0x0801021a                __swrite
 .text.__sseek  0x08010252       0x24 C:/ST/STM32CubeIDE_1.16.1/STM32CubeIDE/plugins/com.st.stm32cube.ide.mcu.externaltools.gnu-tools-for-stm32.13.3.rel1.win32_1.0.0.202411081344/tools/bin/../lib/gcc/arm-none-eabi/13.3.1/../../../../arm-none-eabi/lib/thumb/v7e-m+fp/hard\libc_nano.a(libc_a-stdio.o)
                0x08010252                __sseek
 .text.__sclose
                0x08010276        0x8 C:/ST/STM32CubeIDE_1.16.1/STM32CubeIDE/plugins/com.st.stm32cube.ide.mcu.externaltools.gnu-tools-for-stm32.13.3.rel1.win32_1.0.0.202411081344/tools/bin/../lib/gcc/arm-none-eabi/13.3.1/../../../../arm-none-eabi/lib/thumb/v7e-m+fp/hard\libc_nano.a(libc_a-stdio.o)
                0x08010276                __sclose
 .text.__swbuf_r
                0x0801027e       0x7c C:/ST/STM32CubeIDE_1.16.1/STM32CubeIDE/plugins/com.st.stm32cube.ide.mcu.externaltools.gnu-tools-for-stm32.13.3.rel1.win32_1.0.0.202411081344/tools/bin/../lib/gcc/arm-none-eabi/13.3.1/../../../../arm-none-eabi/lib/thumb/v7e-m+fp/hard\libc_nano.a(libc_a-wbuf.o)
                0x0801027e                __swbuf_r
 *fill*         0x080102fa        0x2 
 .text.__swsetup_r
                0x080102fc       0xac C:/ST/STM32CubeIDE_1.16.1/STM32CubeIDE/plugins/com.st.stm32cube.ide.mcu.externaltools.gnu-tools-for-stm32.13.3.rel1.win32_1.0.0.202411081344/tools/bin/../lib/gcc/arm-none-eabi/13.3.1/../../../../arm-none-eabi/lib/thumb/v7e-m+fp/hard\libc_nano.a(libc_a-wsetup.o)
                0x080102fc                __swsetup_r
 .text.memset   0x080103a8       0x10 C:/ST/STM32CubeIDE_1.16.1/STM32CubeIDE/plugins/com.st.stm32cube.ide.mcu.externaltools.gnu-tools-for-stm32.13.3.rel1.win32_1.0.0.202411081344/tools/bin/../lib/gcc/arm-none-eabi/13.3.1/../../../../arm-none-eabi/lib/thumb/v7e-m+fp/hard\libc_nano.a(libc_a-memset.o)
                0x080103a8                memset
 .text.strcat   0x080103b8       0x1e C:/ST/STM32CubeIDE_1.16.1/STM32CubeIDE/plugins/com.st.stm32cube.ide.mcu.externaltools.gnu-tools-for-stm32.13.3.rel1.win32_1.0.0.202411081344/tools/bin/../lib/gcc/arm-none-eabi/13.3.1/../../../../arm-none-eabi/lib/thumb/v7e-m+fp/hard\libc_nano.a(libc_a-strcat.o)
                0x080103b8                strcat
 *fill*         0x080103d6        0x2 
 .text._localeconv_r
                0x080103d8        0x8 C:/ST/STM32CubeIDE_1.16.1/STM32CubeIDE/plugins/com.st.stm32cube.ide.mcu.externaltools.gnu-tools-for-stm32.13.3.rel1.win32_1.0.0.202411081344/tools/bin/../lib/gcc/arm-none-eabi/13.3.1/../../../../arm-none-eabi/lib/thumb/v7e-m+fp/hard\libc_nano.a(libc_a-localeconv.o)
                0x080103d8                _localeconv_r
 .text._close_r
                0x080103e0       0x20 C:/ST/STM32CubeIDE_1.16.1/STM32CubeIDE/plugins/com.st.stm32cube.ide.mcu.externaltools.gnu-tools-for-stm32.13.3.rel1.win32_1.0.0.202411081344/tools/bin/../lib/gcc/arm-none-eabi/13.3.1/../../../../arm-none-eabi/lib/thumb/v7e-m+fp/hard\libc_nano.a(libc_a-closer.o)
                0x080103e0                _close_r
 .text._lseek_r
                0x08010400       0x24 C:/ST/STM32CubeIDE_1.16.1/STM32CubeIDE/plugins/com.st.stm32cube.ide.mcu.externaltools.gnu-tools-for-stm32.13.3.rel1.win32_1.0.0.202411081344/tools/bin/../lib/gcc/arm-none-eabi/13.3.1/../../../../arm-none-eabi/lib/thumb/v7e-m+fp/hard\libc_nano.a(libc_a-lseekr.o)
                0x08010400                _lseek_r
 .text._read_r  0x08010424       0x24 C:/ST/STM32CubeIDE_1.16.1/STM32CubeIDE/plugins/com.st.stm32cube.ide.mcu.externaltools.gnu-tools-for-stm32.13.3.rel1.win32_1.0.0.202411081344/tools/bin/../lib/gcc/arm-none-eabi/13.3.1/../../../../arm-none-eabi/lib/thumb/v7e-m+fp/hard\libc_nano.a(libc_a-readr.o)
                0x08010424                _read_r
 .text._write_r
                0x08010448       0x24 C:/ST/STM32CubeIDE_1.16.1/STM32CubeIDE/plugins/com.st.stm32cube.ide.mcu.externaltools.gnu-tools-for-stm32.13.3.rel1.win32_1.0.0.202411081344/tools/bin/../lib/gcc/arm-none-eabi/13.3.1/../../../../arm-none-eabi/lib/thumb/v7e-m+fp/hard\libc_nano.a(libc_a-writer.o)
                0x08010448                _write_r
 .text.__errno  0x0801046c        0xc C:/ST/STM32CubeIDE_1.16.1/STM32CubeIDE/plugins/com.st.stm32cube.ide.mcu.externaltools.gnu-tools-for-stm32.13.3.rel1.win32_1.0.0.202411081344/tools/bin/../lib/gcc/arm-none-eabi/13.3.1/../../../../arm-none-eabi/lib/thumb/v7e-m+fp/hard\libc_nano.a(libc_a-errno.o)
                0x0801046c                __errno
 .text.__libc_init_array
                0x08010478       0x48 C:/ST/STM32CubeIDE_1.16.1/STM32CubeIDE/plugins/com.st.stm32cube.ide.mcu.externaltools.gnu-tools-for-stm32.13.3.rel1.win32_1.0.0.202411081344/tools/bin/../lib/gcc/arm-none-eabi/13.3.1/../../../../arm-none-eabi/lib/thumb/v7e-m+fp/hard\libc_nano.a(libc_a-init.o)
                0x08010478                __libc_init_array
 .text.__retarget_lock_init_recursive
                0x080104c0        0x2 C:/ST/STM32CubeIDE_1.16.1/STM32CubeIDE/plugins/com.st.stm32cube.ide.mcu.externaltools.gnu-tools-for-stm32.13.3.rel1.win32_1.0.0.202411081344/tools/bin/../lib/gcc/arm-none-eabi/13.3.1/../../../../arm-none-eabi/lib/thumb/v7e-m+fp/hard\libc_nano.a(libc_a-lock.o)
                0x080104c0                __retarget_lock_init_recursive
 .text.__retarget_lock_acquire_recursive
                0x080104c2        0x2 C:/ST/STM32CubeIDE_1.16.1/STM32CubeIDE/plugins/com.st.stm32cube.ide.mcu.externaltools.gnu-tools-for-stm32.13.3.rel1.win32_1.0.0.202411081344/tools/bin/../lib/gcc/arm-none-eabi/13.3.1/../../../../arm-none-eabi/lib/thumb/v7e-m+fp/hard\libc_nano.a(libc_a-lock.o)
                0x080104c2                __retarget_lock_acquire_recursive
 .text.__retarget_lock_release_recursive
                0x080104c4        0x2 C:/ST/STM32CubeIDE_1.16.1/STM32CubeIDE/plugins/com.st.stm32cube.ide.mcu.externaltools.gnu-tools-for-stm32.13.3.rel1.win32_1.0.0.202411081344/tools/bin/../lib/gcc/arm-none-eabi/13.3.1/../../../../arm-none-eabi/lib/thumb/v7e-m+fp/hard\libc_nano.a(libc_a-lock.o)
                0x080104c4                __retarget_lock_release_recursive
 .text.strcpy   0x080104c6       0x10 C:/ST/STM32CubeIDE_1.16.1/STM32CubeIDE/plugins/com.st.stm32cube.ide.mcu.externaltools.gnu-tools-for-stm32.13.3.rel1.win32_1.0.0.202411081344/tools/bin/../lib/gcc/arm-none-eabi/13.3.1/../../../../arm-none-eabi/lib/thumb/v7e-m+fp/hard\libc_nano.a(libc_a-strcpy.o)
                0x080104c6                strcpy
 .text.memcpy   0x080104d6       0x1c C:/ST/STM32CubeIDE_1.16.1/STM32CubeIDE/plugins/com.st.stm32cube.ide.mcu.externaltools.gnu-tools-for-stm32.13.3.rel1.win32_1.0.0.202411081344/tools/bin/../lib/gcc/arm-none-eabi/13.3.1/../../../../arm-none-eabi/lib/thumb/v7e-m+fp/hard\libc_nano.a(libc_a-memcpy-stub.o)
                0x080104d6                memcpy
 .text.quorem   0x080104f2      0x110 C:/ST/STM32CubeIDE_1.16.1/STM32CubeIDE/plugins/com.st.stm32cube.ide.mcu.externaltools.gnu-tools-for-stm32.13.3.rel1.win32_1.0.0.202411081344/tools/bin/../lib/gcc/arm-none-eabi/13.3.1/../../../../arm-none-eabi/lib/thumb/v7e-m+fp/hard\libc_nano.a(libc_a-dtoa.o)
 *fill*         0x08010602        0x6 
 .text._dtoa_r  0x08010608      0xba0 C:/ST/STM32CubeIDE_1.16.1/STM32CubeIDE/plugins/com.st.stm32cube.ide.mcu.externaltools.gnu-tools-for-stm32.13.3.rel1.win32_1.0.0.202411081344/tools/bin/../lib/gcc/arm-none-eabi/13.3.1/../../../../arm-none-eabi/lib/thumb/v7e-m+fp/hard\libc_nano.a(libc_a-dtoa.o)
                0x08010608                _dtoa_r
 .text._free_r  0x080111a8       0x94 C:/ST/STM32CubeIDE_1.16.1/STM32CubeIDE/plugins/com.st.stm32cube.ide.mcu.externaltools.gnu-tools-for-stm32.13.3.rel1.win32_1.0.0.202411081344/tools/bin/../lib/gcc/arm-none-eabi/13.3.1/../../../../arm-none-eabi/lib/thumb/v7e-m+fp/hard\libc_nano.a(libc_a-freer.o)
                0x080111a8                _free_r
 .text.malloc   0x0801123c       0x10 C:/ST/STM32CubeIDE_1.16.1/STM32CubeIDE/plugins/com.st.stm32cube.ide.mcu.externaltools.gnu-tools-for-stm32.13.3.rel1.win32_1.0.0.202411081344/tools/bin/../lib/gcc/arm-none-eabi/13.3.1/../../../../arm-none-eabi/lib/thumb/v7e-m+fp/hard\libc_nano.a(libc_a-malloc.o)
                0x0801123c                malloc
 .text.sbrk_aligned
                0x0801124c       0x44 C:/ST/STM32CubeIDE_1.16.1/STM32CubeIDE/plugins/com.st.stm32cube.ide.mcu.externaltools.gnu-tools-for-stm32.13.3.rel1.win32_1.0.0.202411081344/tools/bin/../lib/gcc/arm-none-eabi/13.3.1/../../../../arm-none-eabi/lib/thumb/v7e-m+fp/hard\libc_nano.a(libc_a-mallocr.o)
 .text._malloc_r
                0x08011290      0x100 C:/ST/STM32CubeIDE_1.16.1/STM32CubeIDE/plugins/com.st.stm32cube.ide.mcu.externaltools.gnu-tools-for-stm32.13.3.rel1.win32_1.0.0.202411081344/tools/bin/../lib/gcc/arm-none-eabi/13.3.1/../../../../arm-none-eabi/lib/thumb/v7e-m+fp/hard\libc_nano.a(libc_a-mallocr.o)
                0x08011290                _malloc_r
 .text.__malloc_lock
                0x08011390        0xc C:/ST/STM32CubeIDE_1.16.1/STM32CubeIDE/plugins/com.st.stm32cube.ide.mcu.externaltools.gnu-tools-for-stm32.13.3.rel1.win32_1.0.0.202411081344/tools/bin/../lib/gcc/arm-none-eabi/13.3.1/../../../../arm-none-eabi/lib/thumb/v7e-m+fp/hard\libc_nano.a(libc_a-mlock.o)
                0x08011390                __malloc_lock
 .text.__malloc_unlock
                0x0801139c        0xc C:/ST/STM32CubeIDE_1.16.1/STM32CubeIDE/plugins/com.st.stm32cube.ide.mcu.externaltools.gnu-tools-for-stm32.13.3.rel1.win32_1.0.0.202411081344/tools/bin/../lib/gcc/arm-none-eabi/13.3.1/../../../../arm-none-eabi/lib/thumb/v7e-m+fp/hard\libc_nano.a(libc_a-mlock.o)
                0x0801139c                __malloc_unlock
 .text._Balloc  0x080113a8       0x80 C:/ST/STM32CubeIDE_1.16.1/STM32CubeIDE/plugins/com.st.stm32cube.ide.mcu.externaltools.gnu-tools-for-stm32.13.3.rel1.win32_1.0.0.202411081344/tools/bin/../lib/gcc/arm-none-eabi/13.3.1/../../../../arm-none-eabi/lib/thumb/v7e-m+fp/hard\libc_nano.a(libc_a-mprec.o)
                0x080113a8                _Balloc
 .text._Bfree   0x08011428       0x44 C:/ST/STM32CubeIDE_1.16.1/STM32CubeIDE/plugins/com.st.stm32cube.ide.mcu.externaltools.gnu-tools-for-stm32.13.3.rel1.win32_1.0.0.202411081344/tools/bin/../lib/gcc/arm-none-eabi/13.3.1/../../../../arm-none-eabi/lib/thumb/v7e-m+fp/hard\libc_nano.a(libc_a-mprec.o)
                0x08011428                _Bfree
 .text.__multadd
                0x0801146c       0x8c C:/ST/STM32CubeIDE_1.16.1/STM32CubeIDE/plugins/com.st.stm32cube.ide.mcu.externaltools.gnu-tools-for-stm32.13.3.rel1.win32_1.0.0.202411081344/tools/bin/../lib/gcc/arm-none-eabi/13.3.1/../../../../arm-none-eabi/lib/thumb/v7e-m+fp/hard\libc_nano.a(libc_a-mprec.o)
                0x0801146c                __multadd
 .text.__hi0bits
                0x080114f8       0x3e C:/ST/STM32CubeIDE_1.16.1/STM32CubeIDE/plugins/com.st.stm32cube.ide.mcu.externaltools.gnu-tools-for-stm32.13.3.rel1.win32_1.0.0.202411081344/tools/bin/../lib/gcc/arm-none-eabi/13.3.1/../../../../arm-none-eabi/lib/thumb/v7e-m+fp/hard\libc_nano.a(libc_a-mprec.o)
                0x080114f8                __hi0bits
 .text.__lo0bits
                0x08011536       0x5a C:/ST/STM32CubeIDE_1.16.1/STM32CubeIDE/plugins/com.st.stm32cube.ide.mcu.externaltools.gnu-tools-for-stm32.13.3.rel1.win32_1.0.0.202411081344/tools/bin/../lib/gcc/arm-none-eabi/13.3.1/../../../../arm-none-eabi/lib/thumb/v7e-m+fp/hard\libc_nano.a(libc_a-mprec.o)
                0x08011536                __lo0bits
 .text.__i2b    0x08011590       0x2c C:/ST/STM32CubeIDE_1.16.1/STM32CubeIDE/plugins/com.st.stm32cube.ide.mcu.externaltools.gnu-tools-for-stm32.13.3.rel1.win32_1.0.0.202411081344/tools/bin/../lib/gcc/arm-none-eabi/13.3.1/../../../../arm-none-eabi/lib/thumb/v7e-m+fp/hard\libc_nano.a(libc_a-mprec.o)
                0x08011590                __i2b
 .text.__multiply
                0x080115bc      0x144 C:/ST/STM32CubeIDE_1.16.1/STM32CubeIDE/plugins/com.st.stm32cube.ide.mcu.externaltools.gnu-tools-for-stm32.13.3.rel1.win32_1.0.0.202411081344/tools/bin/../lib/gcc/arm-none-eabi/13.3.1/../../../../arm-none-eabi/lib/thumb/v7e-m+fp/hard\libc_nano.a(libc_a-mprec.o)
                0x080115bc                __multiply
 .text.__pow5mult
                0x08011700       0xb4 C:/ST/STM32CubeIDE_1.16.1/STM32CubeIDE/plugins/com.st.stm32cube.ide.mcu.externaltools.gnu-tools-for-stm32.13.3.rel1.win32_1.0.0.202411081344/tools/bin/../lib/gcc/arm-none-eabi/13.3.1/../../../../arm-none-eabi/lib/thumb/v7e-m+fp/hard\libc_nano.a(libc_a-mprec.o)
                0x08011700                __pow5mult
 .text.__lshift
                0x080117b4       0xd8 C:/ST/STM32CubeIDE_1.16.1/STM32CubeIDE/plugins/com.st.stm32cube.ide.mcu.externaltools.gnu-tools-for-stm32.13.3.rel1.win32_1.0.0.202411081344/tools/bin/../lib/gcc/arm-none-eabi/13.3.1/../../../../arm-none-eabi/lib/thumb/v7e-m+fp/hard\libc_nano.a(libc_a-mprec.o)
                0x080117b4                __lshift
 .text.__mcmp   0x0801188c       0x36 C:/ST/STM32CubeIDE_1.16.1/STM32CubeIDE/plugins/com.st.stm32cube.ide.mcu.externaltools.gnu-tools-for-stm32.13.3.rel1.win32_1.0.0.202411081344/tools/bin/../lib/gcc/arm-none-eabi/13.3.1/../../../../arm-none-eabi/lib/thumb/v7e-m+fp/hard\libc_nano.a(libc_a-mprec.o)
                0x0801188c                __mcmp
 *fill*         0x080118c2        0x2 
 .text.__mdiff  0x080118c4      0x128 C:/ST/STM32CubeIDE_1.16.1/STM32CubeIDE/plugins/com.st.stm32cube.ide.mcu.externaltools.gnu-tools-for-stm32.13.3.rel1.win32_1.0.0.202411081344/tools/bin/../lib/gcc/arm-none-eabi/13.3.1/../../../../arm-none-eabi/lib/thumb/v7e-m+fp/hard\libc_nano.a(libc_a-mprec.o)
                0x080118c4                __mdiff
 .text.__d2b    0x080119ec       0xb0 C:/ST/STM32CubeIDE_1.16.1/STM32CubeIDE/plugins/com.st.stm32cube.ide.mcu.externaltools.gnu-tools-for-stm32.13.3.rel1.win32_1.0.0.202411081344/tools/bin/../lib/gcc/arm-none-eabi/13.3.1/../../../../arm-none-eabi/lib/thumb/v7e-m+fp/hard\libc_nano.a(libc_a-mprec.o)
                0x080119ec                __d2b
 .text.__ssputs_r
                0x08011a9c       0xb6 C:/ST/STM32CubeIDE_1.16.1/STM32CubeIDE/plugins/com.st.stm32cube.ide.mcu.externaltools.gnu-tools-for-stm32.13.3.rel1.win32_1.0.0.202411081344/tools/bin/../lib/gcc/arm-none-eabi/13.3.1/../../../../arm-none-eabi/lib/thumb/v7e-m+fp/hard\libc_nano.a(libc_a-nano-svfprintf.o)
                0x08011a9c                __ssputs_r
 *fill*         0x08011b52        0x2 
 .text._svfprintf_r
                0x08011b54      0x1f8 C:/ST/STM32CubeIDE_1.16.1/STM32CubeIDE/plugins/com.st.stm32cube.ide.mcu.externaltools.gnu-tools-for-stm32.13.3.rel1.win32_1.0.0.202411081344/tools/bin/../lib/gcc/arm-none-eabi/13.3.1/../../../../arm-none-eabi/lib/thumb/v7e-m+fp/hard\libc_nano.a(libc_a-nano-svfprintf.o)
                0x08011b54                _svfiprintf_r
                0x08011b54                _svfprintf_r
 .text.__sfputc_r
                0x08011d4c       0x2e C:/ST/STM32CubeIDE_1.16.1/STM32CubeIDE/plugins/com.st.stm32cube.ide.mcu.externaltools.gnu-tools-for-stm32.13.3.rel1.win32_1.0.0.202411081344/tools/bin/../lib/gcc/arm-none-eabi/13.3.1/../../../../arm-none-eabi/lib/thumb/v7e-m+fp/hard\libc_nano.a(libc_a-nano-vfprintf.o)
 .text.__sfputs_r
                0x08011d7a       0x24 C:/ST/STM32CubeIDE_1.16.1/STM32CubeIDE/plugins/com.st.stm32cube.ide.mcu.externaltools.gnu-tools-for-stm32.13.3.rel1.win32_1.0.0.202411081344/tools/bin/../lib/gcc/arm-none-eabi/13.3.1/../../../../arm-none-eabi/lib/thumb/v7e-m+fp/hard\libc_nano.a(libc_a-nano-vfprintf.o)
                0x08011d7a                __sfputs_r
 *fill*         0x08011d9e        0x2 
 .text._vfprintf_r
                0x08011da0      0x230 C:/ST/STM32CubeIDE_1.16.1/STM32CubeIDE/plugins/com.st.stm32cube.ide.mcu.externaltools.gnu-tools-for-stm32.13.3.rel1.win32_1.0.0.202411081344/tools/bin/../lib/gcc/arm-none-eabi/13.3.1/../../../../arm-none-eabi/lib/thumb/v7e-m+fp/hard\libc_nano.a(libc_a-nano-vfprintf.o)
                0x08011da0                _vfprintf_r
                0x08011da0                _vfiprintf_r
 .text.__sflush_r
                0x08011fd0      0x108 C:/ST/STM32CubeIDE_1.16.1/STM32CubeIDE/plugins/com.st.stm32cube.ide.mcu.externaltools.gnu-tools-for-stm32.13.3.rel1.win32_1.0.0.202411081344/tools/bin/../lib/gcc/arm-none-eabi/13.3.1/../../../../arm-none-eabi/lib/thumb/v7e-m+fp/hard\libc_nano.a(libc_a-fflush.o)
                0x08011fd0                __sflush_r
 .text._fflush_r
                0x080120d8       0x50 C:/ST/STM32CubeIDE_1.16.1/STM32CubeIDE/plugins/com.st.stm32cube.ide.mcu.externaltools.gnu-tools-for-stm32.13.3.rel1.win32_1.0.0.202411081344/tools/bin/../lib/gcc/arm-none-eabi/13.3.1/../../../../arm-none-eabi/lib/thumb/v7e-m+fp/hard\libc_nano.a(libc_a-fflush.o)
                0x080120d8                _fflush_r
 .text.__swhatbuf_r
                0x08012128       0x4c C:/ST/STM32CubeIDE_1.16.1/STM32CubeIDE/plugins/com.st.stm32cube.ide.mcu.externaltools.gnu-tools-for-stm32.13.3.rel1.win32_1.0.0.202411081344/tools/bin/../lib/gcc/arm-none-eabi/13.3.1/../../../../arm-none-eabi/lib/thumb/v7e-m+fp/hard\libc_nano.a(libc_a-makebuf.o)
                0x08012128                __swhatbuf_r
 .text.__smakebuf_r
                0x08012174       0x78 C:/ST/STM32CubeIDE_1.16.1/STM32CubeIDE/plugins/com.st.stm32cube.ide.mcu.externaltools.gnu-tools-for-stm32.13.3.rel1.win32_1.0.0.202411081344/tools/bin/../lib/gcc/arm-none-eabi/13.3.1/../../../../arm-none-eabi/lib/thumb/v7e-m+fp/hard\libc_nano.a(libc_a-makebuf.o)
                0x08012174                __smakebuf_r
 .text._putc_r  0x080121ec       0x68 C:/ST/STM32CubeIDE_1.16.1/STM32CubeIDE/plugins/com.st.stm32cube.ide.mcu.externaltools.gnu-tools-for-stm32.13.3.rel1.win32_1.0.0.202411081344/tools/bin/../lib/gcc/arm-none-eabi/13.3.1/../../../../arm-none-eabi/lib/thumb/v7e-m+fp/hard\libc_nano.a(libc_a-putc.o)
                0x080121ec                _putc_r
 .text.memmove  0x08012254       0x34 C:/ST/STM32CubeIDE_1.16.1/STM32CubeIDE/plugins/com.st.stm32cube.ide.mcu.externaltools.gnu-tools-for-stm32.13.3.rel1.win32_1.0.0.202411081344/tools/bin/../lib/gcc/arm-none-eabi/13.3.1/../../../../arm-none-eabi/lib/thumb/v7e-m+fp/hard\libc_nano.a(libc_a-memmove.o)
                0x08012254                memmove
 .text._fstat_r
                0x08012288       0x24 C:/ST/STM32CubeIDE_1.16.1/STM32CubeIDE/plugins/com.st.stm32cube.ide.mcu.externaltools.gnu-tools-for-stm32.13.3.rel1.win32_1.0.0.202411081344/tools/bin/../lib/gcc/arm-none-eabi/13.3.1/../../../../arm-none-eabi/lib/thumb/v7e-m+fp/hard\libc_nano.a(libc_a-fstatr.o)
                0x08012288                _fstat_r
 .text._isatty_r
                0x080122ac       0x20 C:/ST/STM32CubeIDE_1.16.1/STM32CubeIDE/plugins/com.st.stm32cube.ide.mcu.externaltools.gnu-tools-for-stm32.13.3.rel1.win32_1.0.0.202411081344/tools/bin/../lib/gcc/arm-none-eabi/13.3.1/../../../../arm-none-eabi/lib/thumb/v7e-m+fp/hard\libc_nano.a(libc_a-isattyr.o)
                0x080122ac                _isatty_r
 .text._sbrk_r  0x080122cc       0x20 C:/ST/STM32CubeIDE_1.16.1/STM32CubeIDE/plugins/com.st.stm32cube.ide.mcu.externaltools.gnu-tools-for-stm32.13.3.rel1.win32_1.0.0.202411081344/tools/bin/../lib/gcc/arm-none-eabi/13.3.1/../../../../arm-none-eabi/lib/thumb/v7e-m+fp/hard\libc_nano.a(libc_a-sbrkr.o)
                0x080122cc                _sbrk_r
 .text.__assert_func
                0x080122ec       0x3c C:/ST/STM32CubeIDE_1.16.1/STM32CubeIDE/plugins/com.st.stm32cube.ide.mcu.externaltools.gnu-tools-for-stm32.13.3.rel1.win32_1.0.0.202411081344/tools/bin/../lib/gcc/arm-none-eabi/13.3.1/../../../../arm-none-eabi/lib/thumb/v7e-m+fp/hard\libc_nano.a(libc_a-assert.o)
                0x080122ec                __assert_func
 .text._calloc_r
                0x08012328       0x28 C:/ST/STM32CubeIDE_1.16.1/STM32CubeIDE/plugins/com.st.stm32cube.ide.mcu.externaltools.gnu-tools-for-stm32.13.3.rel1.win32_1.0.0.202411081344/tools/bin/../lib/gcc/arm-none-eabi/13.3.1/../../../../arm-none-eabi/lib/thumb/v7e-m+fp/hard\libc_nano.a(libc_a-callocr.o)
                0x08012328                _calloc_r
 .text.__ascii_mbtowc
                0x08012350       0x24 C:/ST/STM32CubeIDE_1.16.1/STM32CubeIDE/plugins/com.st.stm32cube.ide.mcu.externaltools.gnu-tools-for-stm32.13.3.rel1.win32_1.0.0.202411081344/tools/bin/../lib/gcc/arm-none-eabi/13.3.1/../../../../arm-none-eabi/lib/thumb/v7e-m+fp/hard\libc_nano.a(libc_a-mbtowc_r.o)
                0x08012350                __ascii_mbtowc
 .text._realloc_r
                0x08012374       0x5c C:/ST/STM32CubeIDE_1.16.1/STM32CubeIDE/plugins/com.st.stm32cube.ide.mcu.externaltools.gnu-tools-for-stm32.13.3.rel1.win32_1.0.0.202411081344/tools/bin/../lib/gcc/arm-none-eabi/13.3.1/../../../../arm-none-eabi/lib/thumb/v7e-m+fp/hard\libc_nano.a(libc_a-reallocr.o)
                0x08012374                _realloc_r
 .text.__ascii_wctomb
                0x080123d0       0x1a C:/ST/STM32CubeIDE_1.16.1/STM32CubeIDE/plugins/com.st.stm32cube.ide.mcu.externaltools.gnu-tools-for-stm32.13.3.rel1.win32_1.0.0.202411081344/tools/bin/../lib/gcc/arm-none-eabi/13.3.1/../../../../arm-none-eabi/lib/thumb/v7e-m+fp/hard\libc_nano.a(libc_a-wctomb_r.o)
                0x080123d0                __ascii_wctomb
 *fill*         0x080123ea        0x2 
 .text.fprintf  0x080123ec       0x24 C:/ST/STM32CubeIDE_1.16.1/STM32CubeIDE/plugins/com.st.stm32cube.ide.mcu.externaltools.gnu-tools-for-stm32.13.3.rel1.win32_1.0.0.202411081344/tools/bin/../lib/gcc/arm-none-eabi/13.3.1/../../../../arm-none-eabi/lib/thumb/v7e-m+fp/hard\libc_nano.a(libc_a-fprintf.o)
                0x080123ec                fiprintf
                0x080123ec                fprintf
 .text.abort    0x08012410        0xe C:/ST/STM32CubeIDE_1.16.1/STM32CubeIDE/plugins/com.st.stm32cube.ide.mcu.externaltools.gnu-tools-for-stm32.13.3.rel1.win32_1.0.0.202411081344/tools/bin/../lib/gcc/arm-none-eabi/13.3.1/../../../../arm-none-eabi/lib/thumb/v7e-m+fp/hard\libc_nano.a(libc_a-abort.o)
                0x08012410                abort
 .text._malloc_usable_size_r
                0x0801241e       0x10 C:/ST/STM32CubeIDE_1.16.1/STM32CubeIDE/plugins/com.st.stm32cube.ide.mcu.externaltools.gnu-tools-for-stm32.13.3.rel1.win32_1.0.0.202411081344/tools/bin/../lib/gcc/arm-none-eabi/13.3.1/../../../../arm-none-eabi/lib/thumb/v7e-m+fp/hard\libc_nano.a(libc_a-msizer.o)
                0x0801241e                _malloc_usable_size_r
 .text._raise_r